Component: ARM Compiler 5.06 update 6 (build 750) Tool: armlink [4d35ed]

==============================================================================

Section Cross References

    startup_stm32f103x6.o(STACK) refers (Special) to heapauxi.o(.text) for __use_two_region_memory
    startup_stm32f103x6.o(HEAP) refers (Special) to heapauxi.o(.text) for __use_two_region_memory
    startup_stm32f103x6.o(RESET) refers (Special) to heapauxi.o(.text) for __use_two_region_memory
    startup_stm32f103x6.o(RESET) refers to startup_stm32f103x6.o(STACK) for __initial_sp
    startup_stm32f103x6.o(RESET) refers to startup_stm32f103x6.o(.text) for Reset_Handler
    startup_stm32f103x6.o(RESET) refers to stm32f1xx_it.o(i.NMI_Handler) for NMI_Handler
    startup_stm32f103x6.o(RESET) refers to stm32f1xx_it.o(i.HardFault_Handler) for HardFault_Handler
    startup_stm32f103x6.o(RESET) refers to stm32f1xx_it.o(i.MemManage_Handler) for MemManage_Handler
    startup_stm32f103x6.o(RESET) refers to stm32f1xx_it.o(i.BusFault_Handler) for BusFault_Handler
    startup_stm32f103x6.o(RESET) refers to stm32f1xx_it.o(i.UsageFault_Handler) for UsageFault_Handler
    startup_stm32f103x6.o(RESET) refers to stm32f1xx_it.o(i.SVC_Handler) for SVC_Handler
    startup_stm32f103x6.o(RESET) refers to stm32f1xx_it.o(i.DebugMon_Handler) for DebugMon_Handler
    startup_stm32f103x6.o(RESET) refers to stm32f1xx_it.o(i.PendSV_Handler) for PendSV_Handler
    startup_stm32f103x6.o(RESET) refers to stm32f1xx_it.o(i.SysTick_Handler) for SysTick_Handler
    startup_stm32f103x6.o(RESET) refers to stm32f1xx_it.o(i.USART1_IRQHandler) for USART1_IRQHandler
    startup_stm32f103x6.o(.text) refers (Special) to heapauxi.o(.text) for __use_two_region_memory
    startup_stm32f103x6.o(.text) refers to system_stm32f1xx.o(i.SystemInit) for SystemInit
    startup_stm32f103x6.o(.text) refers to __main.o(!!!main) for __main
    startup_stm32f103x6.o(.text) refers to startup_stm32f103x6.o(HEAP) for Heap_Mem
    startup_stm32f103x6.o(.text) refers to startup_stm32f103x6.o(STACK) for Stack_Mem
    main.o(i.MX_ADC1_Init) refers to stm32f1xx_hal_adc.o(i.HAL_ADC_Init) for HAL_ADC_Init
    main.o(i.MX_ADC1_Init) refers to stm32f1xx_hal_adc.o(i.HAL_ADC_ConfigChannel) for HAL_ADC_ConfigChannel
    main.o(i.MX_ADC1_Init) refers to main.o(.bss) for .bss
    main.o(i.SystemClock_Config) refers to rt_memclr_w.o(.text) for __aeabi_memclr4
    main.o(i.SystemClock_Config) refers to stm32f1xx_hal_rcc.o(i.HAL_RCC_OscConfig) for HAL_RCC_OscConfig
    main.o(i.SystemClock_Config) refers to stm32f1xx_hal_rcc.o(i.HAL_RCC_ClockConfig) for HAL_RCC_ClockConfig
    main.o(i.SystemClock_Config) refers to stm32f1xx_hal_rcc_ex.o(i.HAL_RCCEx_PeriphCLKConfig) for HAL_RCCEx_PeriphCLKConfig
    main.o(i.main) refers to _printf_percent.o(.ARM.Collect$$_printf_percent$$00000000) for _printf_percent
    main.o(i.main) refers to _printf_f.o(.ARM.Collect$$_printf_percent$$00000003) for _printf_f
    main.o(i.main) refers to printf1.o(x$fpl$printf1) for _printf_fp_dec
    main.o(i.main) refers to stm32f1xx_hal.o(i.HAL_Init) for HAL_Init
    main.o(i.main) refers to main.o(i.SystemClock_Config) for SystemClock_Config
    main.o(i.main) refers to main.o(i.MX_ADC1_Init) for MX_ADC1_Init
    main.o(i.main) refers to stm32f1xx_hal_uart.o(i.HAL_UART_Init) for HAL_UART_Init
    main.o(i.main) refers to stm32f1xx_hal_adc_ex.o(i.HAL_ADCEx_Calibration_Start) for HAL_ADCEx_Calibration_Start
    main.o(i.main) refers to stm32f1xx_hal_adc.o(i.HAL_ADC_Start) for HAL_ADC_Start
    main.o(i.main) refers to stm32f1xx_hal_adc.o(i.HAL_ADC_PollForConversion) for HAL_ADC_PollForConversion
    main.o(i.main) refers to stm32f1xx_hal_adc.o(i.HAL_ADC_GetValue) for HAL_ADC_GetValue
    main.o(i.main) refers to fflt_clz.o(x$fpl$ffltu) for __aeabi_ui2f
    main.o(i.main) refers to scalbnf.o(x$fpl$scalbnf) for __ARM_scalbnf
    main.o(i.main) refers to f2d.o(x$fpl$f2d) for __aeabi_f2d
    main.o(i.main) refers to dmul.o(x$fpl$dmul) for __aeabi_dmul
    main.o(i.main) refers to ddiv.o(x$fpl$ddiv) for __aeabi_ddiv
    main.o(i.main) refers to d2f.o(x$fpl$d2f) for __aeabi_d2f
    main.o(i.main) refers to noretval__2sprintf.o(.text) for __2sprintf
    main.o(i.main) refers to stm32f1xx_hal_uart.o(i.HAL_UART_Transmit) for HAL_UART_Transmit
    main.o(i.main) refers to stm32f1xx_hal.o(i.HAL_Delay) for HAL_Delay
    main.o(i.main) refers to main.o(.bss) for .bss
    stm32f1xx_it.o(i.SysTick_Handler) refers to stm32f1xx_hal.o(i.HAL_IncTick) for HAL_IncTick
    stm32f1xx_it.o(i.USART1_IRQHandler) refers to stm32f1xx_hal_uart.o(i.HAL_UART_IRQHandler) for HAL_UART_IRQHandler
    stm32f1xx_it.o(i.USART1_IRQHandler) refers to main.o(.bss) for huart1
    stm32f1xx_hal_msp.o(i.HAL_ADC_MspDeInit) refers to stm32f1xx_hal_gpio.o(i.HAL_GPIO_DeInit) for HAL_GPIO_DeInit
    stm32f1xx_hal_msp.o(i.HAL_ADC_MspInit) refers to stm32f1xx_hal_gpio.o(i.HAL_GPIO_Init) for HAL_GPIO_Init
[...]
    Removing stm32f1xx_hal_flash.o(i.FLASH_SetErrorCode), (92 bytes).
    Removing stm32f1xx_hal_flash.o(i.FLASH_WaitForLastOperation), (84 bytes).
    Removing stm32f1xx_hal_flash.o(i.HAL_FLASH_EndOfOperationCallback), (2 bytes).
    Removing stm32f1xx_hal_flash.o(i.HAL_FLASH_GetError), (12 bytes).
    Removing stm32f1xx_hal_flash.o(i.HAL_FLASH_IRQHandler), (264 bytes).
    Removing stm32f1xx_hal_flash.o(i.HAL_FLASH_Lock), (20 bytes).
    Removing stm32f1xx_hal_flash.o(i.HAL_FLASH_OB_Launch), (4 bytes).
    Removing stm32f1xx_hal_flash.o(i.HAL_FLASH_OB_Lock), (20 bytes).
    Removing stm32f1xx_hal_flash.o(i.HAL_FLASH_OB_Unlock), (36 bytes).
    Removing stm32f1xx_hal_flash.o(i.HAL_FLASH_OperationErrorCallback), (2 bytes).
    Removing stm32f1xx_hal_flash.o(i.HAL_FLASH_Program), (128 bytes).
    Removing stm32f1xx_hal_flash.o(i.HAL_FLASH_Program_IT), (100 bytes).
    Removing stm32f1xx_hal_flash.o(i.HAL_FLASH_Unlock), (40 bytes).
    Removing stm32f1xx_hal_flash.o(.bss), (32 bytes).
    Removing stm32f1xx_hal_flash_ex.o(.rev16_text), (4 bytes).
    Removing stm32f1xx_hal_flash_ex.o(.revsh_text), (4 bytes).
    Removing stm32f1xx_hal_flash_ex.o(.rrx_text), (6 bytes).
    Removing stm32f1xx_hal_flash_ex.o(i.FLASH_MassErase), (36 bytes).
    Removing stm32f1xx_hal_flash_ex.o(i.FLASH_OB_GetRDP), (24 bytes).
    Removing stm32f1xx_hal_flash_ex.o(i.FLASH_OB_RDP_LevelConfig), (100 bytes).
    Removing stm32f1xx_hal_flash_ex.o(i.FLASH_PageErase), (36 bytes).
    Removing stm32f1xx_hal_flash_ex.o(i.HAL_FLASHEx_Erase), (168 bytes).
    Removing stm32f1xx_hal_flash_ex.o(i.HAL_FLASHEx_Erase_IT), (84 bytes).
    Removing stm32f1xx_hal_flash_ex.o(i.HAL_FLASHEx_OBErase), (84 bytes).
    Removing stm32f1xx_hal_flash_ex.o(i.HAL_FLASHEx_OBGetConfig), (36 bytes).
    Removing stm32f1xx_hal_flash_ex.o(i.HAL_FLASHEx_OBGetUserData), (32 bytes).
    Removing stm32f1xx_hal_flash_ex.o(i.HAL_FLASHEx_OBProgram), (324 bytes).
    Removing stm32f1xx_hal_exti.o(.rev16_text), (4 bytes).
    Removing stm32f1xx_hal_exti.o(.revsh_text), (4 bytes).
    Removing stm32f1xx_hal_exti.o(.rrx_text), (6 bytes).
    Removing stm32f1xx_hal_exti.o(i.HAL_EXTI_ClearConfigLine), (104 bytes).
    Removing stm32f1xx_hal_exti.o(i.HAL_EXTI_ClearPending), (20 bytes).
    Removing stm32f1xx_hal_exti.o(i.HAL_EXTI_GenerateSWI), (20 bytes).
    Removing stm32f1xx_hal_exti.o(i.HAL_EXTI_GetConfigLine), (144 bytes).
    Removing stm32f1xx_hal_exti.o(i.HAL_EXTI_GetHandle), (12 bytes).
    Removing stm32f1xx_hal_exti.o(i.HAL_EXTI_GetPending), (24 bytes).
    Removing stm32f1xx_hal_exti.o(i.HAL_EXTI_IRQHandler), (36 bytes).
    Removing stm32f1xx_hal_exti.o(i.HAL_EXTI_RegisterCallback), (14 bytes).
    Removing stm32f1xx_hal_exti.o(i.HAL_EXTI_SetConfigLine), (164 bytes).
    Removing stm32f1xx_hal_tim.o(.rev16_text), (4 bytes).
    Removing stm32f1xx_hal_tim.o(.revsh_text), (4 bytes).
    Removing stm32f1xx_hal_tim.o(.rrx_text), (6 bytes).
    Removing stm32f1xx_hal_tim_ex.o(.rev16_text), (4 bytes).
    Removing stm32f1xx_hal_tim_ex.o(.revsh_text), (4 bytes).
    Removing stm32f1xx_hal_tim_ex.o(.rrx_text), (6 bytes).
    Removing stm32f1xx_hal_uart.o(.rev16_text), (4 bytes).
    Removing stm32f1xx_hal_uart.o(.revsh_text), (4 bytes).
    Removing stm32f1xx_hal_uart.o(.rrx_text), (6 bytes).
    Removing stm32f1xx_hal_uart.o(i.HAL_HalfDuplex_EnableReceiver), (50 bytes).
    Removing stm32f1xx_hal_uart.o(i.HAL_HalfDuplex_EnableTransmitter), (50 bytes).
    Removing stm32f1xx_hal_uart.o(i.HAL_HalfDuplex_Init), (108 bytes).
    Removing stm32f1xx_hal_uart.o(i.HAL_LIN_Init), (128 bytes).
    Removing stm32f1xx_hal_uart.o(i.HAL_LIN_SendBreak), (46 bytes).
    Removing stm32f1xx_hal_uart.o(i.HAL_MultiProcessor_EnterMuteMode), (46 bytes).
    Removing stm32f1xx_hal_uart.o(i.HAL_MultiProcessor_ExitMuteMode), (46 bytes).
    Removing stm32f1xx_hal_uart.o(i.HAL_MultiProcessor_Init), (142 bytes).
    Removing stm32f1xx_hal_uart.o(i.HAL_UARTEx_ReceiveToIdle), (254 bytes).
    Removing stm32f1xx_hal_uart.o(i.HAL_UARTEx_ReceiveToIdle_DMA), (74 bytes).
    Removing stm32f1xx_hal_uart.o(i.HAL_UARTEx_ReceiveToIdle_IT), (74 bytes).
    Removing stm32f1xx_hal_uart.o(i.HAL_UART_Abort), (156 bytes).
    Removing stm32f1xx_hal_uart.o(i.HAL_UART_AbortCpltCallback), (2 bytes).
    Removing stm32f1xx_hal_uart.o(i.HAL_UART_AbortReceive), (106 bytes).
    Removing stm32f1xx_hal_uart.o(i.HAL_UART_AbortReceiveCpltCallback), (2 bytes).
    Removing stm32f1xx_hal_uart.o(i.HAL_UART_AbortReceive_IT), (112 bytes).
    Removing stm32f1xx_hal_uart.o(i.HAL_UART_AbortTransmit), (78 bytes).
    Removing stm32f1xx_hal_uart.o(i.HAL_UART_AbortTransmitCpltCallback), (2 bytes).
    Removing stm32f1xx_hal_uart.o(i.HAL_UART_AbortTransmit_IT), (84 bytes).
    Removing stm32f1xx_hal_uart.o(i.HAL_UART_Abort_IT), (188 bytes).
    Removing stm32f1xx_hal_uart.o(i.HAL_UART_DMAPause), (102 bytes).
    Removing stm32f1xx_hal_uart.o(i.HAL_UART_DMAResume), (94 bytes).
    Removing stm32f1xx_hal_uart.o(i.HAL_UART_DMAStop), (88 bytes).
    Removing stm32f1xx_hal_uart.o(i.HAL_UART_DeInit), (52 bytes).
    Removing stm32f1xx_hal_uart.o(i.HAL_UART_GetError), (4 bytes).
    Removing stm32f1xx_hal_uart.o(i.HAL_UART_GetState), (10 bytes).
    Removing stm32f1xx_hal_uart.o(i.HAL_UART_MspDeInit), (2 bytes).
    Removing stm32f1xx_hal_uart.o(i.HAL_UART_MspInit), (2 bytes).
    Removing stm32f1xx_hal_uart.o(i.HAL_UART_Receive), (192 bytes).
    Removing stm32f1xx_hal_uart.o(i.HAL_UART_Receive_DMA), (42 bytes).
    Removing stm32f1xx_hal_uart.o(i.HAL_UART_Receive_IT), (42 bytes).
    Removing stm32f1xx_hal_uart.o(i.HAL_UART_RxHalfCpltCallback), (2 bytes).
    Removing stm32f1xx_hal_uart.o(i.HAL_UART_Transmit_DMA), (128 bytes).
    Removing stm32f1xx_hal_uart.o(i.HAL_UART_Transmit_IT), (62 bytes).
    Removing stm32f1xx_hal_uart.o(i.HAL_UART_TxHalfCpltCallback), (2 bytes).
    Removing stm32f1xx_hal_uart.o(i.UART_DMAError), (74 bytes).
    Removing stm32f1xx_hal_uart.o(i.UART_DMAReceiveCplt), (90 bytes).
    Removing stm32f1xx_hal_uart.o(i.UART_DMARxAbortCallback), (44 bytes).
    Removing stm32f1xx_hal_uart.o(i.UART_DMARxHalfCplt), (26 bytes).
    Removing stm32f1xx_hal_uart.o(i.UART_DMARxOnlyAbortCallback), (22 bytes).
    Removing stm32f1xx_hal_uart.o(i.UART_DMATransmitCplt), (46 bytes).
    Removing stm32f1xx_hal_uart.o(i.UART_DMATxAbortCallback), (44 bytes).
    Removing stm32f1xx_hal_uart.o(i.UART_DMATxHalfCplt), (10 bytes).
    Removing stm32f1xx_hal_uart.o(i.UART_DMATxOnlyAbortCallback), (20 bytes).
    Removing stm32f1xx_hal_uart.o(i.UART_EndTxTransfer), (18 bytes).
    Removing stm32f1xx_hal_uart.o(i.UART_Start_Receive_DMA), (112 bytes).
    Removing stm32f1xx_hal_uart.o(i.UART_Start_Receive_IT), (54 bytes).
    Removing system_stm32f1xx.o(.rev16_text), (4 bytes).
    Removing system_stm32f1xx.o(.revsh_text), (4 bytes).
    Removing system_stm32f1xx.o(.rrx_text), (6 bytes).
    Removing system_stm32f1xx.o(i.SystemCoreClockUpdate), (104 bytes).

257 unused section(s) (total 12770 bytes) removed from the image.

==============================================================================

Image Symbol Table

    Local Symbols

    Symbol Name                              Value     Ov Type        Size  Object(Section)

    ../Core/Src/main.c                       0x00000000   Number         0  main.o ABSOLUTE
    ../Core/Src/stm32f1xx_hal_msp.c          0x00000000   Number         0  stm32f1xx_hal_msp.o ABSOLUTE
    ../Core/Src/stm32f1xx_it.c               0x00000000   Number         0  stm32f1xx_it.o ABSOLUTE
    ../Core/Src/system_stm32f1xx.c           0x00000000   Number         0  system_stm32f1xx.o ABSOLUTE
    ../Drivers/STM32F1xx_HAL_Driver/Src/stm32f1xx_hal.c 0x00000000   Number         0  stm32f1xx_hal.o ABSOLUTE
    ../Drivers/STM32F1xx_HAL_Driver/Src/stm32f1xx_hal_adc.c 0x00000000   Number         0  stm32f1xx_hal_adc.o ABSOLUTE
    ../Drivers/STM32F1xx_HAL_Driver/Src/stm32f1xx_hal_adc_ex.c 0x00000000   Number         0  stm32f1xx_hal_adc_ex.o ABSOLUTE
    ../Drivers/STM32F1xx_HAL_Driver/Src/stm32f1xx_hal_cortex.c 0x00000000   Number         0  stm32f1xx_hal_cortex.o ABSOLUTE
    ../Drivers/STM32F1xx_HAL_Driver/Src/stm32f1xx_hal_dma.c 0x00000000   Number         0  stm32f1xx_hal_dma.o ABSOLUTE
    ../Drivers/STM32F1xx_HAL_Driver/Src/stm32f1xx_hal_exti.c 0x00000000   Number         0  stm32f1xx_hal_exti.o ABSOLUTE
    ../Drivers/STM32F1xx_HAL_Driver/Src/stm32f1xx_hal_flash.c 0x00000000   Number         0  stm32f1xx_hal_flash.o ABSOLUTE
    ../Drivers/STM32F1xx_HAL_Driver/Src/stm32f1xx_hal_flash_ex.c 0x00000000   Number         0  stm32f1xx_hal_flash_ex.o ABSOLUTE
    ../Drivers/STM32F1xx_HAL_Driver/Src/stm32f1xx_hal_gpio.c 0x00000000   Number         0  stm32f1xx_hal_gpio.o ABSOLUTE
    ../Drivers/STM32F1xx_HAL_Driver/Src/stm32f1xx_hal_gpio_ex.c 0x00000000   Number         0  stm32f1xx_hal_gpio_ex.o ABSOLUTE
    ../Drivers/STM32F1xx_HAL_Driver/Src/stm32f1xx_hal_pwr.c 0x00000000   Number         0  stm32f1xx_hal_pwr.o ABSOLUTE
    ../Drivers/STM32F1xx_HAL_Driver/Src/stm32f1xx_hal_rcc.c 0x00000000   Number         0  stm32f1xx_hal_rcc.o ABSOLUTE
    ../Drivers/STM32F1xx_HAL_Driver/Src/stm32f1xx_hal_rcc_ex.c 0x00000000   Number         0  stm32f1xx_hal_rcc_ex.o ABSOLUTE
    ../Drivers/STM32F1xx_HAL_Driver/Src/stm32f1xx_hal_tim.c 0x00000000   Number         0  stm32f1xx_hal_tim.o ABSOLUTE
    ../Drivers/STM32F1xx_HAL_Driver/Src/stm32f1xx_hal_tim_ex.c 0x00000000   Number         0  stm32f1xx_hal_tim_ex.o ABSOLUTE
    ../Drivers/STM32F1xx_HAL_Driver/Src/stm32f1xx_hal_uart.c 0x00000000   Number         0  stm32f1xx_hal_uart.o ABSOLUTE
    ../clib/angel/boardlib.s                 0x00000000   Number         0  boardinit3.o ABSOLUTE
    ../clib/angel/boardlib.s                 0x00000000   Number         0  boardinit1.o ABSOLUTE
    ../clib/angel/boardlib.s                 0x00000000   Number         0  boardinit2.o ABSOLUTE
    ../clib/angel/boardlib.s                 0x00000000   Number         0  boardshut.o ABSOLUTE
    ../clib/angel/handlers.s                 0x00000000   Number         0  __scatter_copy.o ABSOLUTE
    ../clib/angel/handlers.s                 0x00000000   Number         0  __scatter_zi.o ABSOLUTE
    ../clib/angel/kernel.s                   0x00000000   Number         0  __rtentry2.o ABSOLUTE
    ../clib/angel/kernel.s                   0x00000000   Number         0  rtexit2.o ABSOLUTE
    ../clib/angel/kernel.s                   0x00000000   Number         0  rtexit.o ABSOLUTE
    ../clib/angel/kernel.s                   0x00000000   Number         0  __rtentry.o ABSOLUTE
    ../clib/angel/kernel.s                   0x00000000   Number         0  __rtentry4.o ABSOLUTE
    ../clib/angel/rt.s                       0x00000000   Number         0  rt_raise.o ABSOLUTE
    ../clib/angel/rt.s                       0x00000000   Number         0  rt_locale_intlibspace.o ABSOLUTE
    ../clib/angel/rt.s                       0x00000000   Number         0  rt_locale.o ABSOLUTE
    ../clib/angel/scatter.s                  0x00000000   Number         0  __scatter.o ABSOLUTE
    ../clib/angel/startup.s                  0x00000000   Number         0  __main.o ABSOLUTE
    ../clib/angel/sys.s                      0x00000000   Number         0  sys_stackheap_outer.o ABSOLUTE
    ../clib/angel/sys.s                      0x00000000   Number         0  use_no_semi.o ABSOLUTE
    ../clib/angel/sys.s                      0x00000000   Number         0  indicate_semi.o ABSOLUTE
    ../clib/angel/sys.s                      0x00000000   Number         0  libspace.o ABSOLUTE
    ../clib/angel/sysapp.c                   0x00000000   Number         0  sys_exit.o ABSOLUTE
    ../clib/angel/sysapp.c                   0x00000000   Number         0  sys_wrch.o ABSOLUTE
    ../clib/angel/sysapp.c                   0x00000000   Number         0  sys_command.o ABSOLUTE
    ../clib/armsys.c                         0x00000000   Number         0  argv_veneer.o ABSOLUTE
    ../clib/armsys.c                         0x00000000   Number         0  argv_veneer.o ABSOLUTE
    ../clib/armsys.c                         0x00000000   Number         0  no_argv.o ABSOLUTE
    ../clib/armsys.c                         0x00000000   Number         0  _get_argv_nomalloc.o ABSOLUTE
    ../clib/bigflt.c                         0x00000000   Number         0  bigflt0.o ABSOLUTE
    ../clib/btod.s                           0x00000000   Number         0  btod.o ABSOLUTE
    ../clib/heapalloc.c                      0x00000000   Number         0  hrguard.o ABSOLUTE
    ../clib/heapaux.c                        0x00000000   Number         0  heapauxi.o ABSOLUTE
    ../clib/libinit.s                        0x00000000   Number         0  libinit2.o ABSOLUTE
    ../clib/libinit.s                        0x00000000   Number         0  libshutdown.o ABSOLUTE
    ../clib/libinit.s                        0x00000000   Number         0  libinit.o ABSOLUTE
    ../clib/libinit.s                        0x00000000   Number         0  libshutdown2.o ABSOLUTE
    ../clib/locale.s                         0x00000000   Number         0  lc_numeric_c.o ABSOLUTE
    ../clib/longlong.s                       0x00000000   Number         0  llushr.o ABSOLUTE
    ../clib/longlong.s                       0x00000000   Number         0  lludiv10.o ABSOLUTE
    ../clib/memcpset.s                       0x00000000   Number         0  strcmpv7m.o ABSOLUTE
    ../clib/memcpset.s                       0x00000000   Number         0  rt_memclr_w.o ABSOLUTE
    ../clib/printf.c                         0x00000000   Number         0  _printf_char_common.o ABSOLUTE
    ../clib/printf.c                         0x00000000   Number         0  __printf_nopercent.o ABSOLUTE
    ../clib/printf.c                         0x00000000   Number         0  __2sprintf.o ABSOLUTE
    ../clib/printf.c                         0x00000000   Number         0  _printf_fp_infnan.o ABSOLUTE
    ../clib/printf.c                         0x00000000   Number         0  __printf.o ABSOLUTE
    ../clib/printf.c                         0x00000000   Number         0  __printf_flags.o ABSOLUTE
    ../clib/printf.c                         0x00000000   Number         0  __printf_ss.o ABSOLUTE
    ../clib/printf.c                         0x00000000   Number         0  __printf_flags_ss.o ABSOLUTE
    ../clib/printf.c                         0x00000000   Number         0  __printf_wp.o ABSOLUTE
    ../clib/printf.c                         0x00000000   Number         0  __printf_flags_wp.o ABSOLUTE
    ../clib/printf.c                         0x00000000   Number         0  __printf_ss_wp.o ABSOLUTE
    ../clib/printf.c                         0x00000000   Number         0  __printf_flags_ss_wp.o ABSOLUTE
    ../clib/printf.c                         0x00000000   Number         0  _sputc.o ABSOLUTE
    ../clib/printf.c                         0x00000000   Number         0  _printf_fp_dec.o ABSOLUTE
    ../clib/printf.c                         0x00000000   Number         0  noretval__2sprintf.o ABSOLUTE
    ../clib/printf_percent.s                 0x00000000   Number         0  _printf_f.o ABSOLUTE
    ../clib/printf_percent.s                 0x00000000   Number         0  _printf_percent.o ABSOLUTE
    ../clib/printf_percent.s                 0x00000000   Number         0  _printf_percent_end.o ABSOLUTE
    ../clib/signal.c                         0x00000000   Number         0  defsig_fpe_inner.o ABSOLUTE
    ../clib/signal.c                         0x00000000   Number         0  defsig_abrt_inner.o ABSOLUTE
    ../clib/signal.c                         0x00000000   Number         0  __raise.o ABSOLUTE
    ../clib/signal.c                         0x00000000   Number         0  defsig_rtmem_inner.o ABSOLUTE
    ../clib/signal.c                         0x00000000   Number         0  defsig_exit.o ABSOLUTE
    ../clib/signal.c                         0x00000000   Number         0  defsig_general.o ABSOLUTE
    ../clib/signal.c                         0x00000000   Number         0  defsig_rtmem_formal.o ABSOLUTE
    ../clib/signal.c                         0x00000000   Number         0  defsig_rtmem_outer.o ABSOLUTE
    ../clib/signal.c                         0x00000000   Number         0  defsig_other.o ABSOLUTE
    ../clib/signal.c                         0x00000000   Number         0  defsig_segv_inner.o ABSOLUTE
    ../clib/signal.c                         0x00000000   Number         0  defsig_cppl_inner.o ABSOLUTE
    ../clib/signal.c                         0x00000000   Number         0  defsig_pvfn_inner.o ABSOLUTE
    ../clib/signal.c                         0x00000000   Number         0  defsig_stak_inner.o ABSOLUTE
    ../clib/signal.c                         0x00000000   Number         0  defsig_rtred_inner.o ABSOLUTE
    ../clib/signal.s                         0x00000000   Number         0  defsig.o ABSOLUTE
    ../clib/stdlib.c                         0x00000000   Number         0  exit.o ABSOLUTE
    ../fplib/d2f.s                           0x00000000   Number         0  d2f.o ABSOLUTE
    ../fplib/ddiv.s                          0x00000000   Number         0  ddiv.o ABSOLUTE
    ../fplib/dmul.s                          0x00000000   Number         0  dmul.o ABSOLUTE
    ../fplib/dnaninf.s                       0x00000000   Number         0  dnaninf.o ABSOLUTE
    ../fplib/dretinf.s                       0x00000000   Number         0  dretinf.o ABSOLUTE
    ../fplib/f2d.s                           0x00000000   Number         0  f2d.o ABSOLUTE
    ../fplib/fcheck1.s                       0x00000000   Number         0  fcheck1.o ABSOLUTE
    ../fplib/fflt.s                          0x00000000   Number         0  fflt_clz.o ABSOLUTE
    ../fplib/fnaninf.s                       0x00000000   Number         0  fnaninf.o ABSOLUTE
    ../fplib/fpinit.s                        0x00000000   Number         0  fpinit.o ABSOLUTE
    ../fplib/fretinf.s                       0x00000000   Number         0  fretinf.o ABSOLUTE
    ../fplib/istatus.s                       0x00000000   Number         0  istatus.o ABSOLUTE
    ../fplib/printf1.s                       0x00000000   Number         0  printf1.o ABSOLUTE
    ../fplib/retnan.s                        0x00000000   Number         0  retnan.o ABSOLUTE
    ../fplib/scalbnf.s                       0x00000000   Number         0  scalbnf.o ABSOLUTE
    ../fplib/trapv.s                         0x00000000   Number         0  trapv.o ABSOLUTE
    ../fplib/usenofp.s                       0x00000000   Number         0  usenofp.o ABSOLUTE
    ../mathlib/fpclassify.c                  0x00000000   Number         0  fpclassify.o ABSOLUTE
    ..\Core\Src\main.c                       0x00000000   Number         0  main.o ABSOLUTE
    ..\Core\Src\stm32f1xx_hal_msp.c          0x00000000   Number         0  stm32f1xx_hal_msp.o ABSOLUTE
    ..\Core\Src\stm32f1xx_it.c               0x00000000   Number         0  stm32f1xx_it.o ABSOLUTE
    ..\Core\Src\system_stm32f1xx.c           0x00000000   Number         0  system_stm32f1xx.o ABSOLUTE
    ..\Drivers\STM32F1xx_HAL_Driver\Src\stm32f1xx_hal.c 0x00000000   Number         0  stm32f1xx_hal.o ABSOLUTE
    ..\Drivers\STM32F1xx_HAL_Driver\Src\stm32f1xx_hal_adc.c 0x00000000   Number         0  stm32f1xx_hal_adc.o ABSOLUTE
    ..\Drivers\STM32F1xx_HAL_Driver\Src\stm32f1xx_hal_adc_ex.c 0x00000000   Number         0  stm32f1xx_hal_adc_ex.o ABSOLUTE
    ..\Drivers\STM32F1xx_HAL_Driver\Src\stm32f1xx_hal_cortex.c 0x00000000   Number         0  stm32f1xx_hal_cortex.o ABSOLUTE
    ..\Drivers\STM32F1xx_HAL_Driver\Src\stm32f1xx_hal_dma.c 0x00000000   Number         0  stm32f1xx_hal_dma.o ABSOLUTE
    ..\Drivers\STM32F1xx_HAL_Driver\Src\stm32f1xx_hal_exti.c 0x00000000   Number         0  stm32f1xx_hal_exti.o ABSOLUTE
    ..\Drivers\STM32F1xx_HAL_Driver\Src\stm32f1xx_hal_flash.c 0x00000000   Number         0  stm32f1xx_hal_flash.o ABSOLUTE
    ..\Drivers\STM32F1xx_HAL_Driver\Src\stm32f1xx_hal_flash_ex.c 0x00000000   Number         0  stm32f1xx_hal_flash_ex.o ABSOLUTE
    ..\Drivers\STM32F1xx_HAL_Driver\Src\stm32f1xx_hal_gpio.c 0x00000000   Number         0  stm32f1xx_hal_gpio.o ABSOLUTE
    ..\Drivers\STM32F1xx_HAL_Driver\Src\stm32f1xx_hal_gpio_ex.c 0x00000000   Number         0  stm32f1xx_hal_gpio_ex.o ABSOLUTE
    ..\Drivers\STM32F1xx_HAL_Driver\Src\stm32f1xx_hal_pwr.c 0x00000000   Number         0  stm32f1xx_hal_pwr.o ABSOLUTE
    ..\Drivers\STM32F1xx_HAL_Driver\Src\stm32f1xx_hal_rcc.c 0x00000000   Number         0  stm32f1xx_hal_rcc.o ABSOLUTE
    ..\Drivers\STM32F1xx_HAL_Driver\Src\stm32f1xx_hal_rcc_ex.c 0x00000000   Number         0  stm32f1xx_hal_rcc_ex.o ABSOLUTE
    ..\Drivers\STM32F1xx_HAL_Driver\Src\stm32f1xx_hal_tim.c 0x00000000   Number         0  stm32f1xx_hal_tim.o ABSOLUTE
    ..\Drivers\STM32F1xx_HAL_Driver\Src\stm32f1xx_hal_tim_ex.c 0x00000000   Number         0  stm32f1xx_hal_tim_ex.o ABSOLUTE
    ..\Drivers\STM32F1xx_HAL_Driver\Src\stm32f1xx_hal_uart.c 0x00000000   Number         0  stm32f1xx_hal_uart.o ABSOLUTE
    dc.s                                     0x00000000   Number         0  dc.o ABSOLUTE
    startup_stm32f103x6.s                    0x00000000   Number         0  startup_stm32f103x6.o ABSOLUTE
    RESET                                    0x08000000   Section      236  startup_stm32f103x6.o(RESET)
    !!!main                                  0x080000ec   Section        8  __main.o(!!!main)
    !!!scatter                               0x080000f4   Section       52  __scatter.o(!!!scatter)
    !!handler_copy                           0x08000128   Section       26  __scatter_copy.o(!!handler_copy)
    !!handler_zi                             0x08000144   Section       28  __scatter_zi.o(!!handler_zi)
    .ARM.Collect$$_printf_percent$$00000000  0x08000160   Section        0  _printf_percent.o(.ARM.Collect$$_printf_percent$$00000000)
    .ARM.Collect$$_printf_percent$$00000003  0x08000160   Section        6  _printf_f.o(.ARM.Collect$$_printf_percent$$00000003)
    .ARM.Collect$$_printf_percent$$00000017  0x08000166   Section        4  _printf_percent_end.o(.ARM.Collect$$_printf_percent$$00000017)
    .ARM.Collect$$libinit$$00000000          0x0800016a   Section        2  libinit.o(.ARM.Collect$$libinit$$00000000)
    .ARM.Collect$$libinit$$00000002          0x0800016c   Section        0  libinit2.o(.ARM.Collect$$libinit$$00000002)
    .ARM.Collect$$libinit$$00000004          0x0800016c   Section        0  libinit2.o(.ARM.Collect$$libinit$$00000004)
    .ARM.Collect$$libinit$$0000000A          0x0800016c   Section        0  libinit2.o(.ARM.Collect$$libinit$$0000000A)
    .ARM.Collect$$libinit$$0000000C          0x0800016c   Section        0  libinit2.o(.ARM.Collect$$libinit$$0000000C)
    .ARM.Collect$$libinit$$0000000E          0x0800016c   Section        0  libinit2.o(.ARM.Collect$$libinit$$0000000E)
    .ARM.Collect$$libinit$$0000000F          0x0800016c   Section        6  libinit2.o(.ARM.Collect$$libinit$$0000000F)
    .ARM.Collect$$libinit$$00000011          0x08000172   Section        0  libinit2.o(.ARM.Collect$$libinit$$00000011)
    .ARM.Collect$$libinit$$00000013          0x08000172   Section        0  libinit2.o(.ARM.Collect$$libinit$$00000013)
    .ARM.Collect$$libinit$$00000015          0x08000172   Section        0  libinit2.o(.ARM.Collect$$libinit$$00000015)
    .ARM.Collect$$libinit$$00000016          0x08000172   Section       10  libinit2.o(.ARM.Collect$$libinit$$00000016)
    .ARM.Collect$$libinit$$00000017          0x0800017c   Section        0  libinit2.o(.ARM.Collect$$libinit$$00000017)
    .ARM.Collect$$libinit$$00000019          0x0800017c   Section        0  libinit2.o(.ARM.Collect$$libinit$$00000019)
    .ARM.Collect$$libinit$$0000001B          0x0800017c   Section        0  libinit2.o(.ARM.Collect$$libinit$$0000001B)
    .ARM.Collect$$libinit$$0000001D          0x0800017c   Section        0  libinit2.o(.ARM.Collect$$libinit$$0000001D)
    .ARM.Collect$$libinit$$0000001F          0x0800017c   Section        0  libinit2.o(.ARM.Collect$$libinit$$0000001F)
    .ARM.Collect$$libinit$$00000021          0x0800017c   Section        0  libinit2.o(.ARM.Collect$$libinit$$00000021)
    .ARM.Collect$$libinit$$00000023          0x0800017c   Section        0  libinit2.o(.ARM.Collect$$libinit$$00000023)
    .ARM.Collect$$libinit$$00000025          0x0800017c   Section        0  libinit2.o(.ARM.Collect$$libinit$$00000025)
    .ARM.Collect$$libinit$$0000002C          0x0800017c   Section        0  libinit2.o(.ARM.Collect$$libinit$$0000002C)
    .ARM.Collect$$libinit$$0000002E          0x0800017c   Section        0  libinit2.o(.ARM.Collect$$libinit$$0000002E)
    .ARM.Collect$$libinit$$00000030          0x0800017c   Section        0  libinit2.o(.ARM.Collect$$libinit$$00000030)
    .ARM.Collect$$libinit$$00000032          0x0800017c   Section        0  libinit2.o(.ARM.Collect$$libinit$$00000032)
    .ARM.Collect$$libinit$$00000033          0x0800017c   Section        2  libinit2.o(.ARM.Collect$$libinit$$00000033)
    .ARM.Collect$$libshutdown$$00000000      0x0800017e   Section        2  libshutdown.o(.ARM.Collect$$libshutdown$$00000000)
    .ARM.Collect$$libshutdown$$00000002      0x08000180   Section        0  libshutdown2.o(.ARM.Collect$$libshutdown$$00000002)
    .ARM.Collect$$libshutdown$$00000004      0x08000180   Section        0  libshutdown2.o(.ARM.Collect$$libshutdown$$00000004)
    .ARM.Collect$$libshutdown$$00000007      0x08000180   Section        0  libshutdown2.o(.ARM.Collect$$libshutdown$$00000007)
    .ARM.Collect$$libshutdown$$0000000A      0x08000180   Section        0  libshutdown2.o(.ARM.Collect$$libshutdown$$0000000A)
    .ARM.Collect$$libshutdown$$0000000C      0x08000180   Section        0  libshutdown2.o(.ARM.Collect$$libshutdown$$0000000C)
    .ARM.Collect$$libshutdown$$0000000F      0x08000180   Section        0  libshutdown2.o(.ARM.Collect$$libshutdown$$0000000F)
    .ARM.Collect$$libshutdown$$00000010      0x08000180   Section        2  libshutdown2.o(.ARM.Collect$$libshutdown$$00000010)
    .ARM.Collect$$rtentry$$00000000          0x08000182   Section        0  __rtentry.o(.ARM.Collect$$rtentry$$00000000)
    .ARM.Collect$$rtentry$$00000002          0x08000182   Section        0  __rtentry2.o(.ARM.Collect$$rtentry$$00000002)
    .ARM.Collect$$rtentry$$00000004          0x08000182   Section        6  __rtentry4.o(.ARM.Collect$$rtentry$$00000004)
    .ARM.Collect$$rtentry$$00000009          0x08000188   Section        0  __rtentry2.o(.ARM.Collect$$rtentry$$00000009)
    .ARM.Collect$$rtentry$$0000000A          0x08000188   Section        4  __rtentry2.o(.ARM.Collect$$rtentry$$0000000A)
    .ARM.Collect$$rtentry$$0000000C          0x0800018c   Section        0  __rtentry2.o(.ARM.Collect$$rtentry$$0000000C)
    .ARM.Collect$$rtentry$$0000000D          0x0800018c   Section        8  __rtentry2.o(.ARM.Collect$$rtentry$$0000000D)
    .ARM.Collect$$rtexit$$00000000           0x08000194   Section        2  rtexit.o(.ARM.Collect$$rtexit$$00000000)
    .ARM.Collect$$rtexit$$00000002           0x08000196   Section        0  rtexit2.o(.ARM.Collect$$rtexit$$00000002)
    .ARM.Collect$$rtexit$$00000003           0x08000196   Section        4  rtexit2.o(.ARM.Collect$$rtexit$$00000003)
    .ARM.Collect$$rtexit$$00000004           0x0800019a   Section        6  rtexit2.o(.ARM.Collect$$rtexit$$00000004)
    .text                                    0x080001a0   Section       64  startup_stm32f103x6.o(.text)
    .text                                    0x080001e0   Section        0  noretval__2sprintf.o(.text)
    .text                                    0x08000208   Section        0  __printf.o(.text)
    .text                                    0x08000270   Section       78  rt_memclr_w.o(.text)
    .text                                    0x080002be   Section        0  heapauxi.o(.text)
    .text                                    0x080002c4   Section        0  _printf_fp_dec.o(.text)
    _fp_digits                               0x080002c7   Thumb Code   432  _printf_fp_dec.o(.text)
    .text                                    0x080006e4   Section        0  _printf_char_common.o(.text)
    _printf_input_char                       0x080006e5   Thumb Code    10  _printf_char_common.o(.text)
    .text                                    0x08000714   Section        0  _sputc.o(.text)
    .text                                    0x08000720   Section        8  rt_locale_intlibspace.o(.text)
    .text                                    0x08000728   Section      138  lludiv10.o(.text)
    .text                                    0x080007b4   Section        0  _printf_fp_infnan.o(.text)
    .text                                    0x08000834   Section        0  bigflt0.o(.text)
    .text                                    0x08000918   Section        8  libspace.o(.text)
    .text                                    0x08000920   Section       74  sys_stackheap_outer.o(.text)
    .text                                    0x0800096a   Section        0  exit.o(.text)
    .text                                    0x0800097c   Section      128  strcmpv7m.o(.text)
    .text                                    0x080009fc   Section        0  sys_exit.o(.text)
    .text                                    0x08000a08   Section        2  use_no_semi.o(.text)
    .text                                    0x08000a0a   Section        0  indicate_semi.o(.text)
    CL$$btod_d2e                             0x08000a0a   Section       62  btod.o(CL$$btod_d2e)
    CL$$btod_d2e_denorm_low                  0x08000a48   Section       70  btod.o(CL$$btod_d2e_denorm_low)
    CL$$btod_d2e_norm_op1                    0x08000a8e   Section       96  btod.o(CL$$btod_d2e_norm_op1)
    CL$$btod_div_common                      0x08000aee   Section      824  btod.o(CL$$btod_div_common)
    CL$$btod_e2e                             0x08000e26   Section      220  btod.o(CL$$btod_e2e)
    CL$$btod_ediv                            0x08000f02   Section       42  btod.o(CL$$btod_ediv)
    CL$$btod_emul                            0x08000f2c   Section       42  btod.o(CL$$btod_emul)
    CL$$btod_mult_common                     0x08000f56   Section      580  btod.o(CL$$btod_mult_common)
    i.ADC_ConversionStop_Disable             0x0800119c   Section        0  stm32f1xx_hal_adc.o(i.ADC_ConversionStop_Disable)
    i.ADC_Enable                             0x080011f4   Section        0  stm32f1xx_hal_adc.o(i.ADC_Enable)
    i.BusFault_Handler                       0x08001270   Section        0  stm32f1xx_it.o(i.BusFault_Handler)
    i.DebugMon_Handler                       0x08001272   Section        0  stm32f1xx_it.o(i.DebugMon_Handler)
    i.HAL_ADCEx_Calibration_Start            0x08001274   Section        0  stm32f1xx_hal_adc_ex.o(i.HAL_ADCEx_Calibration_Start)
    i.HAL_ADC_ConfigChannel                  0x0800134c   Section        0  stm32f1xx_hal_adc.o(i.HAL_ADC_ConfigChannel)
    i.HAL_ADC_GetValue                       0x08001448   Section        0  stm32f1xx_hal_adc.o(i.HAL_ADC_GetValue)
    i.HAL_ADC_Init                           0x08001450   Section        0  stm32f1xx_hal_adc.o(i.HAL_ADC_Init)
    i.HAL_ADC_MspInit                        0x0800156c   Section        0  stm32f1xx_hal_msp.o(i.HAL_ADC_MspInit)
    i.HAL_ADC_PollForConversion              0x080015c4   Section        0  stm32f1xx_hal_adc.o(i.HAL_ADC_PollForConversion)
    i.HAL_ADC_Start                          0x08001700   Section        0  stm32f1xx_hal_adc.o(i.HAL_ADC_Start)
    i.HAL_DMA_Abort                          0x080017c0   Section        0  stm32f1xx_hal_dma.o(i.HAL_DMA_Abort)
    i.HAL_DMA_Abort_IT                       0x08001808   Section        0  stm32f1xx_hal_dma.o(i.HAL_DMA_Abort_IT)
    i.HAL_Delay                              0x080018a0   Section        0  stm32f1xx_hal.o(i.HAL_Delay)
    i.HAL_GPIO_Init                          0x080018c4   Section        0  stm32f1xx_hal_gpio.o(i.HAL_GPIO_Init)
    i.HAL_GetTick                            0x08001a84   Section        0  stm32f1xx_hal.o(i.HAL_GetTick)
    i.HAL_IncTick                            0x08001a90   Section        0  stm32f1xx_hal.o(i.HAL_IncTick)
    i.HAL_Init                               0x08001aa0   Section        0  stm32f1xx_hal.o(i.HAL_Init)
    i.HAL_InitTick                           0x08001ac4   Section        0  stm32f1xx_hal.o(i.HAL_InitTick)
    i.HAL_MspInit                            0x08001b04   Section        0  stm32f1xx_hal_msp.o(i.HAL_MspInit)
    i.HAL_NVIC_EnableIRQ                     0x08001b40   Section        0  stm32f1xx_hal_cortex.o(i.HAL_NVIC_EnableIRQ)
    i.HAL_NVIC_SetPriority                   0x08001b5c   Section        0  stm32f1xx_hal_cortex.o(i.HAL_NVIC_SetPriority)
    i.HAL_NVIC_SetPriorityGrouping           0x08001b9c   Section        0  stm32f1xx_hal_cortex.o(i.HAL_NVIC_SetPriorityGrouping)
    i.HAL_RCCEx_GetPeriphCLKFreq             0x08001bc0   Section        0  stm32f1xx_hal_rcc_ex.o(i.HAL_RCCEx_GetPeriphCLKFreq)
    i.HAL_RCCEx_PeriphCLKConfig              0x08001c88   Section        0  stm32f1xx_hal_rcc_ex.o(i.HAL_RCCEx_PeriphCLKConfig)
    i.HAL_RCC_ClockConfig                    0x08001d74   Section        0  stm32f1xx_hal_rcc.o(i.HAL_RCC_ClockConfig)
    i.HAL_RCC_GetPCLK1Freq                   0x08001ea0   Section        0  stm32f1xx_hal_rcc.o(i.HAL_RCC_GetPCLK1Freq)
    i.HAL_RCC_GetPCLK2Freq                   0x08001ec0   Section        0  stm32f1xx_hal_rcc.o(i.HAL_RCC_GetPCLK2Freq)
    i.HAL_RCC_GetSysClockFreq                0x08001ee0   Section        0  stm32f1xx_hal_rcc.o(i.HAL_RCC_GetSysClockFreq)
    i.HAL_RCC_OscConfig                      0x08001f4c   Section        0  stm32f1xx_hal_rcc.o(i.HAL_RCC_OscConfig)
    i.HAL_SYSTICK_Config                     0x0800226c   Section        0  stm32f1xx_hal_cortex.o(i.HAL_SYSTICK_Config)
    i.HAL_UARTEx_RxEventCallback             0x08002294   Section        0  stm32f1xx_hal_uart.o(i.HAL_UARTEx_RxEventCallback)
    i.HAL_UART_ErrorCallback                 0x08002296   Section        0  stm32f1xx_hal_uart.o(i.HAL_UART_ErrorCallback)
    i.HAL_UART_IRQHandler                    0x08002298   Section        0  stm32f1xx_hal_uart.o(i.HAL_UART_IRQHandler)
    i.HAL_UART_Init                          0x080024a4   Section        0  stm32f1xx_hal_uart.o(i.HAL_UART_Init)
    i.HAL_UART_MspInit                       0x08002508   Section        0  stm32f1xx_hal_msp.o(i.HAL_UART_MspInit)
    i.HAL_UART_RxCpltCallback                0x08002588   Section        0  stm32f1xx_hal_uart.o(i.HAL_UART_RxCpltCallback)
    i.HAL_UART_Transmit                      0x0800258c   Section        0  stm32f1xx_hal_uart.o(i.HAL_UART_Transmit)
    i.HAL_UART_TxCpltCallback                0x0800263e   Section        0  stm32f1xx_hal_uart.o(i.HAL_UART_TxCpltCallback)
    i.HardFault_Handler                      0x08002640   Section        0  stm32f1xx_it.o(i.HardFault_Handler)
    i.MX_ADC1_Init                           0x08002644   Section        0  main.o(i.MX_ADC1_Init)
    MX_ADC1_Init                             0x08002645   Thumb Code    68  main.o(i.MX_ADC1_Init)
    i.MemManage_Handler                      0x08002690   Section        0  stm32f1xx_it.o(i.MemManage_Handler)
    i.NMI_Handler                            0x08002692   Section        0  stm32f1xx_it.o(i.NMI_Handler)
    i.PendSV_Handler                         0x08002694   Section        0  stm32f1xx_it.o(i.PendSV_Handler)
    i.SVC_Handler                            0x08002696   Section        0  stm32f1xx_it.o(i.SVC_Handler)
    i.SysTick_Handler                        0x08002698   Section        0  stm32f1xx_it.o(i.SysTick_Handler)
    i.SystemClock_Config                     0x0800269c   Section        0  main.o(i.SystemClock_Config)
    i.SystemInit                             0x08002704   Section        0  system_stm32f1xx.o(i.SystemInit)
    i.UART_DMAAbortOnError                   0x08002706   Section        0  stm32f1xx_hal_uart.o(i.UART_DMAAbortOnError)
    UART_DMAAbortOnError                     0x08002707   Thumb Code    16  stm32f1xx_hal_uart.o(i.UART_DMAAbortOnError)
    i.UART_EndRxTransfer                     0x08002716   Section        0  stm32f1xx_hal_uart.o(i.UART_EndRxTransfer)
    UART_EndRxTransfer                       0x08002717   Thumb Code    48  stm32f1xx_hal_uart.o(i.UART_EndRxTransfer)
    i.UART_Receive_IT                        0x08002746   Section        0  stm32f1xx_hal_uart.o(i.UART_Receive_IT)
    UART_Receive_IT                          0x08002747   Thumb Code   182  stm32f1xx_hal_uart.o(i.UART_Receive_IT)
    i.UART_SetConfig                         0x080027fc   Section        0  stm32f1xx_hal_uart.o(i.UART_SetConfig)
    UART_SetConfig                           0x080027fd   Thumb Code   178  stm32f1xx_hal_uart.o(i.UART_SetConfig)
    i.UART_WaitOnFlagUntilTimeout            0x080028b4   Section        0  stm32f1xx_hal_uart.o(i.UART_WaitOnFlagUntilTimeout)
    UART_WaitOnFlagUntilTimeout              0x080028b5   Thumb Code   100  stm32f1xx_hal_uart.o(i.UART_WaitOnFlagUntilTimeout)
    i.USART1_IRQHandler                      0x08002918   Section        0  stm32f1xx_it.o(i.USART1_IRQHandler)
    i.UsageFault_Handler                     0x08002924   Section        0  stm32f1xx_it.o(i.UsageFault_Handler)
    i.__ARM_fpclassify                       0x08002926   Section        0  fpclassify.o(i.__ARM_fpclassify)
    i.__NVIC_SetPriority                     0x0800294e   Section        0  stm32f1xx_hal_cortex.o(i.__NVIC_SetPriority)
    __NVIC_SetPriority                       0x0800294f   Thumb Code    32  stm32f1xx_hal_cortex.o(i.__NVIC_SetPriority)
    i.main                                   0x08002970   Section        0  main.o(i.main)
    locale$$code                             0x08002a5c   Section       44  lc_numeric_c.o(locale$$code)
    x$fpl$d2f                                0x08002a88   Section       98  d2f.o(x$fpl$d2f)
    x$fpl$ddiv                               0x08002aec   Section      688  ddiv.o(x$fpl$ddiv)
    ddiv_entry                               0x08002af3   Thumb Code     0  ddiv.o(x$fpl$ddiv)
    x$fpl$dmul                               0x08002d9c   Section      340  dmul.o(x$fpl$dmul)
    x$fpl$dnaninf                            0x08002ef0   Section      156  dnaninf.o(x$fpl$dnaninf)
    x$fpl$dretinf                            0x08002f8c   Section       12  dretinf.o(x$fpl$dretinf)
    x$fpl$f2d                                0x08002f98   Section       86  f2d.o(x$fpl$f2d)
    x$fpl$fcheck1                            0x08002ff0   Section       12  fcheck1.o(x$fpl$fcheck1)
    x$fpl$ffltu                              0x08002ffc   Section       38  fflt_clz.o(x$fpl$ffltu)
    x$fpl$fnaninf                            0x08003022   Section      140  fnaninf.o(x$fpl$fnaninf)
    x$fpl$fretinf                            0x080030ae   Section       10  fretinf.o(x$fpl$fretinf)
    x$fpl$printf1                            0x080030b8   Section        4  printf1.o(x$fpl$printf1)
    x$fpl$retnan                             0x080030bc   Section      100  retnan.o(x$fpl$retnan)
    x$fpl$scalbnf                            0x08003120   Section       76  scalbnf.o(x$fpl$scalbnf)
    x$fpl$trapveneer                         0x0800316c   Section       48  trapv.o(x$fpl$trapveneer)
    .constdata                               0x0800319c   Section       16  system_stm32f1xx.o(.constdata)
    x$fpl$usenofp                            0x0800319c   Section        0  usenofp.o(x$fpl$usenofp)
    .constdata                               0x080031ac   Section        8  system_stm32f1xx.o(.constdata)
    .constdata                               0x080031b4   Section      148  bigflt0.o(.constdata)
    tenpwrs_x                                0x080031b4   Data          60  bigflt0.o(.constdata)
    tenpwrs_i                                0x080031f0   Data          64  bigflt0.o(.constdata)
    locale$$data                             0x08003268   Section       28  lc_numeric_c.o(locale$$data)
    __lcnum_c_name                           0x0800326c   Data           2  lc_numeric_c.o(locale$$data)
    __lcnum_c_start                          0x08003274   Data           0  lc_numeric_c.o(locale$$data)
    __lcnum_c_point                          0x08003280   Data           0  lc_numeric_c.o(locale$$data)
    __lcnum_c_thousands                      0x08003282   Data           0  lc_numeric_c.o(locale$$data)
    __lcnum_c_grouping                       0x08003283   Data           0  lc_numeric_c.o(locale$$data)
    __lcnum_c_end                            0x08003284   Data           0  lc_numeric_c.o(locale$$data)
    .data                                    0x20000000   Section       12  stm32f1xx_hal.o(.data)
    .data                                    0x2000000c   Section        4  system_stm32f1xx.o(.data)
    .bss                                     0x20000010   Section      116  main.o(.bss)
    .bss                                     0x20000084   Section       96  libspace.o(.bss)
    HEAP                                     0x200000e8   Section      512  startup_stm32f103x6.o(HEAP)
    Heap_Mem                                 0x200000e8   Data         512  startup_stm32f103x6.o(HEAP)
    STACK                                    0x200002e8   Section     1024  startup_stm32f103x6.o(STACK)
    Stack_Mem                                0x200002e8   Data        1024  startup_stm32f103x6.o(STACK)
    __initial_sp                             0x200006e8   Data           0  startup_stm32f103x6.o(STACK)

    Global Symbols

    Symbol Name                              Value     Ov Type        Size  Object(Section)

    BuildAttributes$$THM_ISAv4$P$D$K$B$S$PE$A:L22UL41UL21$X:L11$S22US41US21$IEEE1$IW$USESV6$~STKCKD$USESV7$~SHL$OTIME$ROPI$IEEEJ$EBA8$UX$STANDARDLIB$REQ8$PRES8$EABIv2 0x00000000   Number         0  anon$$obj.o ABSOLUTE
    __ARM_use_no_argv                        0x00000000   Number         0  main.o ABSOLUTE
    __ARM_exceptions_init                     - Undefined Weak Reference
    __alloca_initialize                       - Undefined Weak Reference
    __arm_preinit_                            - Undefined Weak Reference
    __cpp_initialize__aeabi_                  - Undefined Weak Reference
    __cxa_finalize                            - Undefined Weak Reference
    __sigvec_lookup                           - Undefined Weak Reference
    _atexit_init                              - Undefined Weak Reference
    _call_atexit_fns                          - Undefined Weak Reference
    _clock_init                               - Undefined Weak Reference
    _fp_trap_init                             - Undefined Weak Reference
    _fp_trap_shutdown                         - Undefined Weak Reference
    _get_lc_collate                           - Undefined Weak Reference
    _get_lc_ctype                             - Undefined Weak Reference
    _get_lc_monetary                          - Undefined Weak Reference
    _get_lc_time                              - Undefined Weak Reference
    _getenv_init                              - Undefined Weak Reference
    _handle_redirection                       - Undefined Weak Reference
    _init_alloc                               - Undefined Weak Reference
    _init_user_alloc                          - Undefined Weak Reference
    _initio                                   - Undefined Weak Reference
    _printf_post_padding                      - Undefined Weak Reference
    _printf_pre_padding                       - Undefined Weak Reference
    _rand_init                                - Undefined Weak Reference
    _signal_finish                            - Undefined Weak Reference
    _signal_init                              - Undefined Weak Reference
    _terminate_alloc                          - Undefined Weak Reference
    _terminate_user_alloc                     - Undefined Weak Reference
    _terminateio                              - Undefined Weak Reference
    __Vectors_Size                           0x000000ec   Number         0  startup_stm32f103x6.o ABSOLUTE
    __Vectors                                0x08000000   Data           4  startup_stm32f103x6.o(RESET)
    __Vectors_End                            0x080000ec   Data           0  startup_stm32f103x6.o(RESET)
    __main                                   0x080000ed   Thumb Code     8  __main.o(!!!main)
    __scatterload                            0x080000f5   Thumb Code     0  __scatter.o(!!!scatter)
    __scatterload_rt2                        0x080000f5   Thumb Code    44  __scatter.o(!!!scatter)
    __scatterload_rt2_thumb_only             0x080000f5   Thumb Code     0  __scatter.o(!!!scatter)
    __scatterload_null                       0x08000103   Thumb Code     0  __scatter.o(!!!scatter)
    __scatterload_copy                       0x08000129   Thumb Code    26  __scatter_copy.o(!!handler_copy)
    __scatterload_zeroinit                   0x08000145   Thumb Code    28  __scatter_zi.o(!!handler_zi)
    _printf_f                                0x08000161   Thumb Code     0  _printf_f.o(.ARM.Collect$$_printf_percent$$00000003)
    _printf_percent                          0x08000161   Thumb Code     0  _printf_percent.o(.ARM.Collect$$_printf_percent$$00000000)
    _printf_percent_end                      0x08000167   Thumb Code     0  _printf_percent_end.o(.ARM.Collect$$_printf_percent$$00000017)
    __rt_lib_init                            0x0800016b   Thumb Code     0  libinit.o(.ARM.Collect$$libinit$$00000000)
    __rt_lib_init_fp_1                       0x0800016d   Thumb Code     0  libinit2.o(.ARM.Collect$$libinit$$00000002)
    __rt_lib_init_heap_1                     0x0800016d   Thumb Code     0  libinit2.o(.ARM.Collect$$libinit$$0000000A)
    __rt_lib_init_lc_common                  0x0800016d   Thumb Code     0  libinit2.o(.ARM.Collect$$libinit$$0000000F)
    __rt_lib_init_preinit_1                  0x0800016d   Thumb Code     0  libinit2.o(.ARM.Collect$$libinit$$00000004)
    __rt_lib_init_rand_1                     0x0800016d   Thumb Code     0  libinit2.o(.ARM.Collect$$libinit$$0000000E)
    __rt_lib_init_user_alloc_1               0x0800016d   Thumb Code     0  libinit2.o(.ARM.Collect$$libinit$$0000000C)
    __rt_lib_init_lc_collate_1               0x08000173   Thumb Code     0  libinit2.o(.ARM.Collect$$libinit$$00000011)
    __rt_lib_init_lc_ctype_1                 0x08000173   Thumb Code     0  libinit2.o(.ARM.Collect$$libinit$$00000013)
    __rt_lib_init_lc_monetary_1              0x08000173   Thumb Code     0  libinit2.o(.ARM.Collect$$libinit$$00000015)
    __rt_lib_init_lc_numeric_2               0x08000173   Thumb Code     0  libinit2.o(.ARM.Collect$$libinit$$00000016)
    __rt_lib_init_alloca_1                   0x0800017d   Thumb Code     0  libinit2.o(.ARM.Collect$$libinit$$0000002E)
    __rt_lib_init_argv_1                     0x0800017d   Thumb Code     0  libinit2.o(.ARM.Collect$$libinit$$0000002C)
    __rt_lib_init_atexit_1                   0x0800017d   Thumb Code     0  libinit2.o(.ARM.Collect$$libinit$$0000001B)
    __rt_lib_init_clock_1                    0x0800017d   Thumb Code     0  libinit2.o(.ARM.Collect$$libinit$$00000021)
    __rt_lib_init_cpp_1                      0x0800017d   Thumb Code     0  libinit2.o(.ARM.Collect$$libinit$$00000032)
    __rt_lib_init_exceptions_1               0x0800017d   Thumb Code     0  libinit2.o(.ARM.Collect$$libinit$$00000030)
    __rt_lib_init_fp_trap_1                  0x0800017d   Thumb Code     0  libinit2.o(.ARM.Collect$$libinit$$0000001F)
    __rt_lib_init_getenv_1                   0x0800017d   Thumb Code     0  libinit2.o(.ARM.Collect$$libinit$$00000023)
    __rt_lib_init_lc_numeric_1               0x0800017d   Thumb Code     0  libinit2.o(.ARM.Collect$$libinit$$00000017)
    __rt_lib_init_lc_time_1                  0x0800017d   Thumb Code     0  libinit2.o(.ARM.Collect$$libinit$$00000019)
    __rt_lib_init_return                     0x0800017d   Thumb Code     0  libinit2.o(.ARM.Collect$$libinit$$00000033)
    __rt_lib_init_signal_1                   0x0800017d   Thumb Code     0  libinit2.o(.ARM.Collect$$libinit$$0000001D)
    __rt_lib_init_stdio_1                    0x0800017d   Thumb Code     0  libinit2.o(.ARM.Collect$$libinit$$00000025)
    __rt_lib_shutdown                        0x0800017f   Thumb Code     0  libshutdown.o(.ARM.Collect$$libshutdown$$00000000)
    __rt_lib_shutdown_cpp_1                  0x08000181   Thumb Code     0  libshutdown2.o(.ARM.Collect$$libshutdown$$00000002)
    __rt_lib_shutdown_fp_trap_1              0x08000181   Thumb Code     0  libshutdown2.o(.ARM.Collect$$libshutdown$$00000007)
    __rt_lib_shutdown_heap_1                 0x08000181   Thumb Code     0  libshutdown2.o(.ARM.Collect$$libshutdown$$0000000F)
    __rt_lib_shutdown_return                 0x08000181   Thumb Code     0  libshutdown2.o(.ARM.Collect$$libshutdown$$00000010)
    __rt_lib_shutdown_signal_1               0x08000181   Thumb Code     0  libshutdown2.o(.ARM.Collect$$libshutdown$$0000000A)
    __rt_lib_shutdown_stdio_1                0x08000181   Thumb Code     0  libshutdown2.o(.ARM.Collect$$libshutdown$$00000004)
    __rt_lib_shutdown_user_alloc_1           0x08000181   Thumb Code     0  libshutdown2.o(.ARM.Collect$$libshutdown$$0000000C)
    __rt_entry                               0x08000183   Thumb Code     0  __rtentry.o(.ARM.Collect$$rtentry$$00000000)
    __rt_entry_presh_1                       0x08000183   Thumb Code     0  __rtentry2.o(.ARM.Collect$$rtentry$$00000002)
    __rt_entry_sh                            0x08000183   Thumb Code     0  __rtentry4.o(.ARM.Collect$$rtentry$$00000004)
    __rt_entry_li                            0x08000189   Thumb Code     0  __rtentry2.o(.ARM.Collect$$rtentry$$0000000A)
    __rt_entry_postsh_1                      0x08000189   Thumb Code     0  __rtentry2.o(.ARM.Collect$$rtentry$$00000009)
    __rt_entry_main                          0x0800018d   Thumb Code     0  __rtentry2.o(.ARM.Collect$$rtentry$$0000000D)
    __rt_entry_postli_1                      0x0800018d   Thumb Code     0  __rtentry2.o(.ARM.Collect$$rtentry$$0000000C)
    __rt_exit                                0x08000195   Thumb Code     0  rtexit.o(.ARM.Collect$$rtexit$$00000000)
    __rt_exit_ls                             0x08000197   Thumb Code     0  rtexit2.o(.ARM.Collect$$rtexit$$00000003)
    __rt_exit_prels_1                        0x08000197   Thumb Code     0  rtexit2.o(.ARM.Collect$$rtexit$$00000002)
    __rt_exit_exit                           0x0800019b   Thumb Code     0  rtexit2.o(.ARM.Collect$$rtexit$$00000004)
    Reset_Handler                            0x080001a1   Thumb Code     8  startup_stm32f103x6.o(.text)
    ADC1_2_IRQHandler                        0x080001bb   Thumb Code     0  startup_stm32f103x6.o(.text)
    CAN1_RX1_IRQHandler                      0x080001bb   Thumb Code     0  startup_stm32f103x6.o(.text)
    CAN1_SCE_IRQHandler                      0x080001bb   Thumb Code     0  startup_stm32f103x6.o(.text)
    DMA1_Channel1_IRQHandler                 0x080001bb   Thumb Code     0  startup_stm32f103x6.o(.text)
    DMA1_Channel2_IRQHandler                 0x080001bb   Thumb Code     0  startup_stm32f103x6.o(.text)
    DMA1_Channel3_IRQHandler                 0x080001bb   Thumb Code     0  startup_stm32f103x6.o(.text)
    DMA1_Channel4_IRQHandler                 0x080001bb   Thumb Code     0  startup_stm32f103x6.o(.text)
    DMA1_Channel5_IRQHandler                 0x080001bb   Thumb Code     0  startup_stm32f103x6.o(.text)
    DMA1_Channel6_IRQHandler                 0x080001bb   Thumb Code     0  startup_stm32f103x6.o(.text)
    DMA1_Channel7_IRQHandler                 0x080001bb   Thumb Code     0  startup_stm32f103x6.o(.text)
    EXTI0_IRQHandler                         0x080001bb   Thumb Code     0  startup_stm32f103x6.o(.text)
    EXTI15_10_IRQHandler                     0x080001bb   Thumb Code     0  startup_stm32f103x6.o(.text)
    EXTI1_IRQHandler                         0x080001bb   Thumb Code     0  startup_stm32f103x6.o(.text)
    EXTI2_IRQHandler                         0x080001bb   Thumb Code     0  startup_stm32f103x6.o(.text)
    EXTI3_IRQHandler                         0x080001bb   Thumb Code     0  startup_stm32f103x6.o(.text)
    EXTI4_IRQHandler                         0x080001bb   Thumb Code     0  startup_stm32f103x6.o(.text)
    EXTI9_5_IRQHandler                       0x080001bb   Thumb Code     0  startup_stm32f103x6.o(.text)
    FLASH_IRQHandler                         0x080001bb   Thumb Code     0  startup_stm32f103x6.o(.text)
    I2C1_ER_IRQHandler                       0x080001bb   Thumb Code     0  startup_stm32f103x6.o(.text)
    I2C1_EV_IRQHandler                       0x080001bb   Thumb Code     0  startup_stm32f103x6.o(.text)
    PVD_IRQHandler                           0x080001bb   Thumb Code     0  startup_stm32f103x6.o(.text)
    RCC_IRQHandler                           0x080001bb   Thumb Code     0  startup_stm32f103x6.o(.text)
    RTC_Alarm_IRQHandler                     0x080001bb   Thumb Code     0  startup_stm32f103x6.o(.text)
    RTC_IRQHandler                           0x080001bb   Thumb Code     0  startup_stm32f103x6.o(.text)
    SPI1_IRQHandler                          0x080001bb   Thumb Code     0  startup_stm32f103x6.o(.text)
    TAMPER_IRQHandler                        0x080001bb   Thumb Code     0  startup_stm32f103x6.o(.text)
    TIM1_BRK_IRQHandler                      0x080001bb   Thumb Code     0  startup_stm32f103x6.o(.text)
    TIM1_CC_IRQHandler                       0x080001bb   Thumb Code     0  startup_stm32f103x6.o(.text)
    TIM1_TRG_COM_IRQHandler                  0x080001bb   Thumb Code     0  startup_stm32f103x6.o(.text)
    TIM1_UP_IRQHandler                       0x080001bb   Thumb Code     0  startup_stm32f103x6.o(.text)
    TIM2_IRQHandler                          0x080001bb   Thumb Code     0  startup_stm32f103x6.o(.text)
    TIM3_IRQHandler                          0x080001bb   Thumb Code     0  startup_stm32f103x6.o(.text)
    USART2_IRQHandler                        0x080001bb   Thumb Code     0  startup_stm32f103x6.o(.text)
    USBWakeUp_IRQHandler                     0x080001bb   Thumb Code     0  startup_stm32f103x6.o(.text)
    USB_HP_CAN1_TX_IRQHandler                0x080001bb   Thumb Code     0  startup_stm32f103x6.o(.text)
    USB_LP_CAN1_RX0_IRQHandler               0x080001bb   Thumb Code     0  startup_stm32f103x6.o(.text)
    WWDG_IRQHandler                          0x080001bb   Thumb Code     0  startup_stm32f103x6.o(.text)
    __user_initial_stackheap                 0x080001bd   Thumb Code     0  startup_stm32f103x6.o(.text)
    __2sprintf                               0x080001e1   Thumb Code    34  noretval__2sprintf.o(.text)
    __printf                                 0x08000209   Thumb Code   104  __printf.o(.text)
    __aeabi_memclr4                          0x08000271   Thumb Code     0  rt_memclr_w.o(.text)
    __aeabi_memclr8                          0x08000271   Thumb Code     0  rt_memclr_w.o(.text)
    __rt_memclr_w                            0x08000271   Thumb Code    78  rt_memclr_w.o(.text)
    _memset_w                                0x08000275   Thumb Code     0  rt_memclr_w.o(.text)
    __use_two_region_memory                  0x080002bf   Thumb Code     2  heapauxi.o(.text)
    __rt_heap_escrow$2region                 0x080002c1   Thumb Code     2  heapauxi.o(.text)
    __rt_heap_expand$2region                 0x080002c3   Thumb Code     2  heapauxi.o(.text)
    __lib_sel_fp_printf                      0x080002c5   Thumb Code     2  _printf_fp_dec.o(.text)
    _printf_fp_dec_real                      0x08000477   Thumb Code   620  _printf_fp_dec.o(.text)
    _printf_char_common                      0x080006ef   Thumb Code    32  _printf_char_common.o(.text)
    _sputc                                   0x08000715   Thumb Code    10  _sputc.o(.text)
    __rt_locale                              0x08000721   Thumb Code     8  rt_locale_intlibspace.o(.text)
    _ll_udiv10                               0x08000729   Thumb Code   138  lludiv10.o(.text)
    _printf_fp_infnan                        0x080007b5   Thumb Code   112  _printf_fp_infnan.o(.text)
    _btod_etento                             0x08000835   Thumb Code   224  bigflt0.o(.text)
    __user_libspace                          0x08000919   Thumb Code     8  libspace.o(.text)
    __user_perproc_libspace                  0x08000919   Thumb Code     0  libspace.o(.text)
    __user_perthread_libspace                0x08000919   Thumb Code     0  libspace.o(.text)
    __user_setup_stackheap                   0x08000921   Thumb Code    74  sys_stackheap_outer.o(.text)
    exit                                     0x0800096b   Thumb Code    18  exit.o(.text)
    strcmp                                   0x0800097d   Thumb Code   128  strcmpv7m.o(.text)
    _sys_exit                                0x080009fd   Thumb Code     8  sys_exit.o(.text)
    __I$use$semihosting                      0x08000a09   Thumb Code     0  use_no_semi.o(.text)
    __use_no_semihosting_swi                 0x08000a09   Thumb Code     2  use_no_semi.o(.text)
    __semihosting_library_function           0x08000a0b   Thumb Code     0  indicate_semi.o(.text)
    _btod_d2e                                0x08000a0b   Thumb Code    62  btod.o(CL$$btod_d2e)
    _d2e_denorm_low                          0x08000a49   Thumb Code    70  btod.o(CL$$btod_d2e_denorm_low)
    _d2e_norm_op1                            0x08000a8f   Thumb Code    96  btod.o(CL$$btod_d2e_norm_op1)
    __btod_div_common                        0x08000aef   Thumb Code   696  btod.o(CL$$btod_div_common)
    _e2e                                     0x08000e27   Thumb Code   220  btod.o(CL$$btod_e2e)
    _btod_ediv                               0x08000f03   Thumb Code    42  btod.o(CL$$btod_ediv)
    _btod_emul                               0x08000f2d   Thumb Code    42  btod.o(CL$$btod_emul)
    __btod_mult_common                       0x08000f57   Thumb Code   580  btod.o(CL$$btod_mult_common)
    ADC_ConversionStop_Disable               0x0800119d   Thumb Code    86  stm32f1xx_hal_adc.o(i.ADC_ConversionStop_Disable)
    ADC_Enable                               0x080011f5   Thumb Code   114  stm32f1xx_hal_adc.o(i.ADC_Enable)
    BusFault_Handler                         0x08001271   Thumb Code     2  stm32f1xx_it.o(i.BusFault_Handler)
    DebugMon_Handler                         0x08001273   Thumb Code     2  stm32f1xx_it.o(i.DebugMon_Handler)
    HAL_ADCEx_Calibration_Start              0x08001275   Thumb Code   210  stm32f1xx_hal_adc_ex.o(i.HAL_ADCEx_Calibration_Start)
    HAL_ADC_ConfigChannel                    0x0800134d   Thumb Code   240  stm32f1xx_hal_adc.o(i.HAL_ADC_ConfigChannel)
    HAL_ADC_GetValue                         0x08001449   Thumb Code     6  stm32f1xx_hal_adc.o(i.HAL_ADC_GetValue)
    HAL_ADC_Init                             0x08001451   Thumb Code   272  stm32f1xx_hal_adc.o(i.HAL_ADC_Init)
    HAL_ADC_MspInit                          0x0800156d   Thumb Code    76  stm32f1xx_hal_msp.o(i.HAL_ADC_MspInit)
    HAL_ADC_PollForConversion                0x080015c5   Thumb Code   304  stm32f1xx_hal_adc.o(i.HAL_ADC_PollForConversion)
    HAL_ADC_Start                            0x08001701   Thumb Code   184  stm32f1xx_hal_adc.o(i.HAL_ADC_Start)
    HAL_DMA_Abort                            0x080017c1   Thumb Code    70  stm32f1xx_hal_dma.o(i.HAL_DMA_Abort)
    HAL_DMA_Abort_IT                         0x08001809   Thumb Code   148  stm32f1xx_hal_dma.o(i.HAL_DMA_Abort_IT)
    HAL_Delay                                0x080018a1   Thumb Code    32  stm32f1xx_hal.o(i.HAL_Delay)
    HAL_GPIO_Init                            0x080018c5   Thumb Code   418  stm32f1xx_hal_gpio.o(i.HAL_GPIO_Init)
    HAL_GetTick                              0x08001a85   Thumb Code     6  stm32f1xx_hal.o(i.HAL_GetTick)
    HAL_IncTick                              0x08001a91   Thumb Code    12  stm32f1xx_hal.o(i.HAL_IncTick)
    HAL_Init                                 0x08001aa1   Thumb Code    32  stm32f1xx_hal.o(i.HAL_Init)
    HAL_InitTick                             0x08001ac5   Thumb Code    54  stm32f1xx_hal.o(i.HAL_InitTick)
    HAL_MspInit                              0x08001b05   Thumb Code    52  stm32f1xx_hal_msp.o(i.HAL_MspInit)
    HAL_NVIC_EnableIRQ                       0x08001b41   Thumb Code    26  stm32f1xx_hal_cortex.o(i.HAL_NVIC_EnableIRQ)
    HAL_NVIC_SetPriority                     0x08001b5d   Thumb Code    60  stm32f1xx_hal_cortex.o(i.HAL_NVIC_SetPriority)
    HAL_NVIC_SetPriorityGrouping             0x08001b9d   Thumb Code    26  stm32f1xx_hal_cortex.o(i.HAL_NVIC_SetPriorityGrouping)
    HAL_RCCEx_GetPeriphCLKFreq               0x08001bc1   Thumb Code   166  stm32f1xx_hal_rcc_ex.o(i.HAL_RCCEx_GetPeriphCLKFreq)
    HAL_RCCEx_PeriphCLKConfig                0x08001c89   Thumb Code   224  stm32f1xx_hal_rcc_ex.o(i.HAL_RCCEx_PeriphCLKConfig)
    HAL_RCC_ClockConfig                      0x08001d75   Thumb Code   280  stm32f1xx_hal_rcc.o(i.HAL_RCC_ClockConfig)
    HAL_RCC_GetPCLK1Freq                     0x08001ea1   Thumb Code    20  stm32f1xx_hal_rcc.o(i.HAL_RCC_GetPCLK1Freq)
    HAL_RCC_GetPCLK2Freq                     0x08001ec1   Thumb Code    20  stm32f1xx_hal_rcc.o(i.HAL_RCC_GetPCLK2Freq)
    HAL_RCC_GetSysClockFreq                  0x08001ee1   Thumb Code    74  stm32f1xx_hal_rcc.o(i.HAL_RCC_GetSysClockFreq)
    HAL_RCC_OscConfig                        0x08001f4d   Thumb Code   778  stm32f1xx_hal_rcc.o(i.HAL_RCC_OscConfig)
    HAL_SYSTICK_Config                       0x0800226d   Thumb Code    40  stm32f1xx_hal_cortex.o(i.HAL_SYSTICK_Config)
    HAL_UARTEx_RxEventCallback               0x08002295   Thumb Code     2  stm32f1xx_hal_uart.o(i.HAL_UARTEx_RxEventCallback)
    HAL_UART_ErrorCallback                   0x08002297   Thumb Code     2  stm32f1xx_hal_uart.o(i.HAL_UART_ErrorCallback)
    HAL_UART_IRQHandler                      0x08002299   Thumb Code   520  stm32f1xx_hal_uart.o(i.HAL_UART_IRQHandler)
    HAL_UART_Init                            0x080024a5   Thumb Code    98  stm32f1xx_hal_uart.o(i.HAL_UART_Init)
    HAL_UART_MspInit                         0x08002509   Thumb Code   116  stm32f1xx_hal_msp.o(i.HAL_UART_MspInit)
    HAL_UART_RxCpltCallback                  0x08002589   Thumb Code     2  stm32f1xx_hal_uart.o(i.HAL_UART_RxCpltCallback)
    HAL_UART_Transmit                        0x0800258d   Thumb Code   178  stm32f1xx_hal_uart.o(i.HAL_UART_Transmit)
    HAL_UART_TxCpltCallback                  0x0800263f   Thumb Code     2  stm32f1xx_hal_uart.o(i.HAL_UART_TxCpltCallback)
    HardFault_Handler                        0x08002641   Thumb Code     2  stm32f1xx_it.o(i.HardFault_Handler)
    MemManage_Handler                        0x08002691   Thumb Code     2  stm32f1xx_it.o(i.MemManage_Handler)
    NMI_Handler                              0x08002693   Thumb Code     2  stm32f1xx_it.o(i.NMI_Handler)
    PendSV_Handler                           0x08002695   Thumb Code     2  stm32f1xx_it.o(i.PendSV_Handler)
    SVC_Handler                              0x08002697   Thumb Code     2  stm32f1xx_it.o(i.SVC_Handler)
    SysTick_Handler                          0x08002699   Thumb Code     4  stm32f1xx_it.o(i.SysTick_Handler)
    SystemClock_Config                       0x0800269d   Thumb Code   104  main.o(i.SystemClock_Config)
    SystemInit                               0x08002705   Thumb Code     2  system_stm32f1xx.o(i.SystemInit)
    USART1_IRQHandler                        0x08002919   Thumb Code     6  stm32f1xx_it.o(i.USART1_IRQHandler)
    UsageFault_Handler                       0x08002925   Thumb Code     2  stm32f1xx_it.o(i.UsageFault_Handler)
    __ARM_fpclassify                         0x08002927   Thumb Code    40  fpclassify.o(i.__ARM_fpclassify)
    main                                     0x08002971   Thumb Code   196  main.o(i.main)
    _get_lc_numeric                          0x08002a5d   Thumb Code    44  lc_numeric_c.o(locale$$code)
    __aeabi_d2f                              0x08002a89   Thumb Code     0  d2f.o(x$fpl$d2f)
    _d2f                                     0x08002a89   Thumb Code    98  d2f.o(x$fpl$d2f)
    __aeabi_ddiv                             0x08002aed   Thumb Code     0  ddiv.o(x$fpl$ddiv)
    _ddiv                                    0x08002aed   Thumb Code   552  ddiv.o(x$fpl$ddiv)
    __aeabi_dmul                             0x08002d9d   Thumb Code     0  dmul.o(x$fpl$dmul)
    _dmul                                    0x08002d9d   Thumb Code   332  dmul.o(x$fpl$dmul)
    __fpl_dnaninf                            0x08002ef1   Thumb Code   156  dnaninf.o(x$fpl$dnaninf)
    __fpl_dretinf                            0x08002f8d   Thumb Code    12  dretinf.o(x$fpl$dretinf)
    __aeabi_f2d                              0x08002f99   Thumb Code     0  f2d.o(x$fpl$f2d)
    _f2d                                     0x08002f99   Thumb Code    86  f2d.o(x$fpl$f2d)
    __fpl_fcheck_NaN1                        0x08002ff1   Thumb Code     6  fcheck1.o(x$fpl$fcheck1)
    __aeabi_ui2f                             0x08002ffd   Thumb Code     0  fflt_clz.o(x$fpl$ffltu)
    _ffltu                                   0x08002ffd   Thumb Code    38  fflt_clz.o(x$fpl$ffltu)
    __fpl_fnaninf                            0x08003023   Thumb Code   140  fnaninf.o(x$fpl$fnaninf)
    __fpl_fretinf                            0x080030af   Thumb Code    10  fretinf.o(x$fpl$fretinf)
    _printf_fp_dec                           0x080030b9   Thumb Code     4  printf1.o(x$fpl$printf1)
    __fpl_return_NaN                         0x080030bd   Thumb Code   100  retnan.o(x$fpl$retnan)
    __ARM_scalbnf                            0x08003121   Thumb Code    76  scalbnf.o(x$fpl$scalbnf)
    __fpl_cmpreturn                          0x0800316d   Thumb Code    48  trapv.o(x$fpl$trapveneer)
    AHBPrescTable                            0x0800319c   Data          16  system_stm32f1xx.o(.constdata)
    __I$use$fp                               0x0800319c   Number         0  usenofp.o(x$fpl$usenofp)
    APBPrescTable                            0x080031ac   Data           8  system_stm32f1xx.o(.constdata)
    Region$$Table$$Base                      0x08003248   Number         0  anon$$obj.o(Region$$Table)
    Region$$Table$$Limit                     0x08003268   Number         0  anon$$obj.o(Region$$Table)
    uwTickFreq                               0x20000000   Data           1  stm32f1xx_hal.o(.data)
    uwTickPrio                               0x20000004   Data           4  stm32f1xx_hal.o(.data)
    uwTick                                   0x20000008   Data           4  stm32f1xx_hal.o(.data)
    SystemCoreClock                          0x2000000c   Data           4  system_stm32f1xx.o(.data)
    hadc1                                    0x20000010   Data          48  main.o(.bss)
    huart1                                   0x20000040   Data          68  main.o(.bss)
    __libspace_start                         0x20000084   Data          96  libspace.o(.bss)
    __temporary_stack_top$libspace           0x200000e4   Data           0  libspace.o(.bss)



==============================================================================

Memory Map of the image

  Image Entry point : 0x080000ed

  Load Region LR_IROM1 (Base: 0x08000000, Size: 0x00003294, Max: 0x00008000, ABSOLUTE)

    Execution Region ER_IROM1 (Exec base: 0x08000000, Load base: 0x08000000, Size: 0x00003284, Max: 0x00008000, ABSOLUTE)

    Exec Addr    Load Addr    Size         Type   Attr      Idx    E Section Name        Object

    0x08000000   0x08000000   0x000000ec   Data   RO            3    RESET               startup_stm32f103x6.o
    0x080000ec   0x080000ec   0x00000008   Code   RO         2027  * !!!main             c_w.l(__main.o)
    0x080000f4   0x080000f4   0x00000034   Code   RO         2271    !!!scatter          c_w.l(__scatter.o)
    0x08000128   0x08000128   0x0000001a   Code   RO         2273    !!handler_copy      c_w.l(__scatter_copy.o)
    0x08000142   0x08000142   0x00000002   PAD
    0x08000144   0x08000144   0x0000001c   Code   RO         2275    !!handler_zi        c_w.l(__scatter_zi.o)
    0x08000160   0x08000160   0x00000000   Code   RO         2022    .ARM.Collect$$_printf_percent$$00000000  c_w.l(_printf_percent.o)
    0x08000160   0x08000160   0x00000006   Code   RO         2021    .ARM.Collect$$_printf_percent$$00000003  c_w.l(_printf_f.o)
    0x08000166   0x08000166   0x00000004   Code   RO         2056    .ARM.Collect$$_printf_percent$$00000017  c_w.l(_printf_percent_end.o)
    0x0800016a   0x0800016a   0x00000002   Code   RO         2142    .ARM.Collect$$libinit$$00000000  c_w.l(libinit.o)
    0x0800016c   0x0800016c   0x00000000   Code   RO         2144    .ARM.Collect$$libinit$$00000002  c_w.l(libinit2.o)
    0x0800016c   0x0800016c   0x00000000   Code   RO         2146    .ARM.Collect$$libinit$$00000004  c_w.l(libinit2.o)
    0x0800016c   0x0800016c   0x00000000   Code   RO         2149    .ARM.Collect$$libinit$$0000000A  c_w.l(libinit2.o)
    0x0800016c   0x0800016c   0x00000000   Code   RO         2151    .ARM.Collect$$libinit$$0000000C  c_w.l(libinit2.o)
    0x0800016c   0x0800016c   0x00000000   Code   RO         2153    .ARM.Collect$$libinit$$0000000E  c_w.l(libinit2.o)
    0x0800016c   0x0800016c   0x00000006   Code   RO         2154    .ARM.Collect$$libinit$$0000000F  c_w.l(libinit2.o)
    0x08000172   0x08000172   0x00000000   Code   RO         2156    .ARM.Collect$$libinit$$00000011  c_w.l(libinit2.o)
    0x08000172   0x08000172   0x00000000   Code   RO         2158    .ARM.Collect$$libinit$$00000013  c_w.l(libinit2.o)
    0x08000172   0x08000172   0x00000000   Code   RO         2160    .ARM.Collect$$libinit$$00000015  c_w.l(libinit2.o)
    0x08000172   0x08000172   0x0000000a   Code   RO         2161    .ARM.Collect$$libinit$$00000016  c_w.l(libinit2.o)
    0x0800017c   0x0800017c   0x00000000   Code   RO         2162    .ARM.Collect$$libinit$$00000017  c_w.l(libinit2.o)
    0x0800017c   0x0800017c   0x00000000   Code   RO         2164    .ARM.Collect$$libinit$$00000019  c_w.l(libinit2.o)
    0x0800017c   0x0800017c   0x00000000   Code   RO         2166    .ARM.Collect$$libinit$$0000001B  c_w.l(libinit2.o)
    0x0800017c   0x0800017c   0x00000000   Code   RO         2168    .ARM.Collect$$libinit$$0000001D  c_w.l(libinit2.o)
    0x0800017c   0x0800017c   0x00000000   Code   RO         2170    .ARM.Collect$$libinit$$0000001F  c_w.l(libinit2.o)
    0x0800017c   0x0800017c   0x00000000   Code   RO         2172    .ARM.Collect$$libinit$$00000021  c_w.l(libinit2.o)
    0x0800017c   0x0800017c   0x00000000   Code   RO         2174    .ARM.Collect$$libinit$$00000023  c_w.l(libinit2.o)
    0x0800017c   0x0800017c   0x00000000   Code   RO         2176    .ARM.Collect$$libinit$$00000025  c_w.l(libinit2.o)
    0x0800017c   0x0800017c   0x00000000   Code   RO         2180    .ARM.Collect$$libinit$$0000002C  c_w.l(libinit2.o)
    0x0800017c   0x0800017c   0x00000000   Code   RO         2182    .ARM.Collect$$libinit$$0000002E  c_w.l(libinit2.o)
    0x0800017c   0x0800017c   0x00000000   Code   RO         2184    .ARM.Collect$$libinit$$00000030  c_w.l(libinit2.o)
    0x0800017c   0x0800017c   0x00000000   Code   RO         2186    .ARM.Collect$$libinit$$00000032  c_w.l(libinit2.o)
    0x0800017c   0x0800017c   0x00000002   Code   RO         2187    .ARM.Collect$$libinit$$00000033  c_w.l(libinit2.o)
    0x0800017e   0x0800017e   0x00000002   Code   RO         2219    .ARM.Collect$$libshutdown$$00000000  c_w.l(libshutdown.o)
    0x08000180   0x08000180   0x00000000   Code   RO         2230    .ARM.Collect$$libshutdown$$00000002  c_w.l(libshutdown2.o)
    0x08000180   0x08000180   0x00000000   Code   RO         2232    .ARM.Collect$$libshutdown$$00000004  c_w.l(libshutdown2.o)
    0x08000180   0x08000180   0x00000000   Code   RO         2235    .ARM.Collect$$libshutdown$$00000007  c_w.l(libshutdown2.o)
    0x08000180   0x08000180   0x00000000   Code   RO         2238    .ARM.Collect$$libshutdown$$0000000A  c_w.l(libshutdown2.o)
    0x08000180   0x08000180   0x00000000   Code   RO         2240    .ARM.Collect$$libshutdown$$0000000C  c_w.l(libshutdown2.o)
    0x08000180   0x08000180   0x00000000   Code   RO         2243    .ARM.Collect$$libshutdown$$0000000F  c_w.l(libshutdown2.o)
    0x08000180   0x08000180   0x00000002   Code   RO         2244    .ARM.Collect$$libshutdown$$00000010  c_w.l(libshutdown2.o)
    0x08000182   0x08000182   0x00000000   Code   RO         2049    .ARM.Collect$$rtentry$$00000000  c_w.l(__rtentry.o)
    0x08000182   0x08000182   0x00000000   Code   RO         2069    .ARM.Collect$$rtentry$$00000002  c_w.l(__rtentry2.o)
    0x08000182   0x08000182   0x00000006   Code   RO         2081    .ARM.Collect$$rtentry$$00000004  c_w.l(__rtentry4.o)
    0x08000188   0x08000188   0x00000000   Code   RO         2071    .ARM.Collect$$rtentry$$00000009  c_w.l(__rtentry2.o)
    0x08000188   0x08000188   0x00000004   Code   RO         2072    .ARM.Collect$$rtentry$$0000000A  c_w.l(__rtentry2.o)
    0x0800018c   0x0800018c   0x00000000   Code   RO         2074    .ARM.Collect$$rtentry$$0000000C  c_w.l(__rtentry2.o)
    0x0800018c   0x0800018c   0x00000008   Code   RO         2075    .ARM.Collect$$rtentry$$0000000D  c_w.l(__rtentry2.o)
    0x08000194   0x08000194   0x00000002   Code   RO         2190    .ARM.Collect$$rtexit$$00000000  c_w.l(rtexit.o)
    0x08000196   0x08000196   0x00000000   Code   RO         2197    .ARM.Collect$$rtexit$$00000002  c_w.l(rtexit2.o)
    0x08000196   0x08000196   0x00000004   Code   RO         2198    .ARM.Collect$$rtexit$$00000003  c_w.l(rtexit2.o)
    0x0800019a   0x0800019a   0x00000006   Code   RO         2199    .ARM.Collect$$rtexit$$00000004  c_w.l(rtexit2.o)
    0x080001a0   0x080001a0   0x00000040   Code   RO            4    .text               startup_stm32f103x6.o
    0x080001e0   0x080001e0   0x00000028   Code   RO         1997    .text               c_w.l(noretval__2sprintf.o)
    0x08000208   0x08000208   0x00000068   Code   RO         1999    .text               c_w.l(__printf.o)
    0x08000270   0x08000270   0x0000004e   Code   RO         2023    .text               c_w.l(rt_memclr_w.o)
    0x080002be   0x080002be   0x00000006   Code   RO         2025    .text               c_w.l(heapauxi.o)
    0x080002c4   0x080002c4   0x0000041e   Code   RO         2050    .text               c_w.l(_printf_fp_dec.o)
    0x080006e2   0x080006e2   0x00000002   PAD
    0x080006e4   0x080006e4   0x00000030   Code   RO         2052    .text               c_w.l(_printf_char_common.o)
    0x08000714   0x08000714   0x0000000a   Code   RO         2054    .text               c_w.l(_sputc.o)
    0x0800071e   0x0800071e   0x00000002   PAD
    0x08000720   0x08000720   0x00000008   Code   RO         2086    .text               c_w.l(rt_locale_intlibspace.o)
    0x08000728   0x08000728   0x0000008a   Code   RO         2088    .text               c_w.l(lludiv10.o)
    0x080007b2   0x080007b2   0x00000002   PAD
    0x080007b4   0x080007b4   0x00000080   Code   RO         2090    .text               c_w.l(_printf_fp_infnan.o)
    0x08000834   0x08000834   0x000000e4   Code   RO         2094    .text               c_w.l(bigflt0.o)
    0x08000918   0x08000918   0x00000008   Code   RO         2128    .text               c_w.l(libspace.o)
    0x08000920   0x08000920   0x0000004a   Code   RO         2131    .text               c_w.l(sys_stackheap_outer.o)
    0x0800096a   0x0800096a   0x00000012   Code   RO         2133    .text               c_w.l(exit.o)
    0x0800097c   0x0800097c   0x00000080   Code   RO         2135    .text               c_w.l(strcmpv7m.o)
    0x080009fc   0x080009fc   0x0000000c   Code   RO         2209    .text               c_w.l(sys_exit.o)
    0x08000a08   0x08000a08   0x00000002   Code   RO         2220    .text               c_w.l(use_no_semi.o)
    0x08000a0a   0x08000a0a   0x00000000   Code   RO         2222    .text               c_w.l(indicate_semi.o)
    0x08000a0a   0x08000a0a   0x0000003e   Code   RO         2097    CL$$btod_d2e        c_w.l(btod.o)
    0x08000a48   0x08000a48   0x00000046   Code   RO         2099    CL$$btod_d2e_denorm_low  c_w.l(btod.o)
    0x08000a8e   0x08000a8e   0x00000060   Code   RO         2098    CL$$btod_d2e_norm_op1  c_w.l(btod.o)
    0x08000aee   0x08000aee   0x00000338   Code   RO         2107    CL$$btod_div_common  c_w.l(btod.o)
    0x08000e26   0x08000e26   0x000000dc   Code   RO         2104    CL$$btod_e2e        c_w.l(btod.o)
    0x08000f02   0x08000f02   0x0000002a   Code   RO         2101    CL$$btod_ediv       c_w.l(btod.o)
    0x08000f2c   0x08000f2c   0x0000002a   Code   RO         2100    CL$$btod_emul       c_w.l(btod.o)
    0x08000f56   0x08000f56   0x00000244   Code   RO         2106    CL$$btod_mult_common  c_w.l(btod.o)
    0x0800119a   0x0800119a   0x00000002   PAD
    0x0800119c   0x0800119c   0x00000056   Code   RO          322    i.ADC_ConversionStop_Disable  stm32f1xx_hal_adc.o
    0x080011f2   0x080011f2   0x00000002   PAD
    0x080011f4   0x080011f4   0x0000007c   Code   RO          326    i.ADC_Enable        stm32f1xx_hal_adc.o
    0x08001270   0x08001270   0x00000002   Code   RO          156    i.BusFault_Handler  stm32f1xx_it.o
    0x08001272   0x08001272   0x00000002   Code   RO          157    i.DebugMon_Handler  stm32f1xx_it.o
    0x08001274   0x08001274   0x000000d8   Code   RO          502    i.HAL_ADCEx_Calibration_Start  stm32f1xx_hal_adc_ex.o
    0x0800134c   0x0800134c   0x000000fc   Code   RO          328    i.HAL_ADC_ConfigChannel  stm32f1xx_hal_adc.o
    0x08001448   0x08001448   0x00000006   Code   RO          335    i.HAL_ADC_GetValue  stm32f1xx_hal_adc.o
    0x0800144e   0x0800144e   0x00000002   PAD
    0x08001450   0x08001450   0x0000011c   Code   RO          337    i.HAL_ADC_Init      stm32f1xx_hal_adc.o
    0x0800156c   0x0800156c   0x00000058   Code   RO          239    i.HAL_ADC_MspInit   stm32f1xx_hal_msp.o
    0x080015c4   0x080015c4   0x0000013c   Code   RO          341    i.HAL_ADC_PollForConversion  stm32f1xx_hal_adc.o
    0x08001700   0x08001700   0x000000c0   Code   RO          343    i.HAL_ADC_Start     stm32f1xx_hal_adc.o
    0x080017c0   0x080017c0   0x00000046   Code   RO          977    i.HAL_DMA_Abort     stm32f1xx_hal_dma.o
    0x08001806   0x08001806   0x00000002   PAD
    0x08001808   0x08001808   0x00000098   Code   RO          978    i.HAL_DMA_Abort_IT  stm32f1xx_hal_dma.o
    0x080018a0   0x080018a0   0x00000024   Code   RO          605    i.HAL_Delay         stm32f1xx_hal.o
    0x080018c4   0x080018c4   0x000001c0   Code   RO          913    i.HAL_GPIO_Init     stm32f1xx_hal_gpio.o
    0x08001a84   0x08001a84   0x0000000c   Code   RO          609    i.HAL_GetTick       stm32f1xx_hal.o
    0x08001a90   0x08001a90   0x00000010   Code   RO          615    i.HAL_IncTick       stm32f1xx_hal.o
    0x08001aa0   0x08001aa0   0x00000024   Code   RO          616    i.HAL_Init          stm32f1xx_hal.o
    0x08001ac4   0x08001ac4   0x00000040   Code   RO          617    i.HAL_InitTick      stm32f1xx_hal.o
    0x08001b04   0x08001b04   0x0000003c   Code   RO          240    i.HAL_MspInit       stm32f1xx_hal_msp.o
    0x08001b40   0x08001b40   0x0000001a   Code   RO         1073    i.HAL_NVIC_EnableIRQ  stm32f1xx_hal_cortex.o
    0x08001b5a   0x08001b5a   0x00000002   PAD
    0x08001b5c   0x08001b5c   0x00000040   Code   RO         1079    i.HAL_NVIC_SetPriority  stm32f1xx_hal_cortex.o
    0x08001b9c   0x08001b9c   0x00000024   Code   RO         1080    i.HAL_NVIC_SetPriorityGrouping  stm32f1xx_hal_cortex.o
    0x08001bc0   0x08001bc0   0x000000c8   Code   RO          875    i.HAL_RCCEx_GetPeriphCLKFreq  stm32f1xx_hal_rcc_ex.o
    0x08001c88   0x08001c88   0x000000ec   Code   RO          876    i.HAL_RCCEx_PeriphCLKConfig  stm32f1xx_hal_rcc_ex.o
    0x08001d74   0x08001d74   0x0000012c   Code   RO          773    i.HAL_RCC_ClockConfig  stm32f1xx_hal_rcc.o
    0x08001ea0   0x08001ea0   0x00000020   Code   RO          780    i.HAL_RCC_GetPCLK1Freq  stm32f1xx_hal_rcc.o
    0x08001ec0   0x08001ec0   0x00000020   Code   RO          781    i.HAL_RCC_GetPCLK2Freq  stm32f1xx_hal_rcc.o
    0x08001ee0   0x08001ee0   0x0000006c   Code   RO          782    i.HAL_RCC_GetSysClockFreq  stm32f1xx_hal_rcc.o
    0x08001f4c   0x08001f4c   0x00000320   Code   RO          785    i.HAL_RCC_OscConfig  stm32f1xx_hal_rcc.o
    0x0800226c   0x0800226c   0x00000028   Code   RO         1084    i.HAL_SYSTICK_Config  stm32f1xx_hal_cortex.o
    0x08002294   0x08002294   0x00000002   Code   RO         1610    i.HAL_UARTEx_RxEventCallback  stm32f1xx_hal_uart.o
    0x08002296   0x08002296   0x00000002   Code   RO         1624    i.HAL_UART_ErrorCallback  stm32f1xx_hal_uart.o
    0x08002298   0x08002298   0x0000020c   Code   RO         1627    i.HAL_UART_IRQHandler  stm32f1xx_hal_uart.o
    0x080024a4   0x080024a4   0x00000062   Code   RO         1628    i.HAL_UART_Init     stm32f1xx_hal_uart.o
    0x08002506   0x08002506   0x00000002   PAD
    0x08002508   0x08002508   0x00000080   Code   RO          242    i.HAL_UART_MspInit  stm32f1xx_hal_msp.o
    0x08002588   0x08002588   0x00000002   Code   RO         1634    i.HAL_UART_RxCpltCallback  stm32f1xx_hal_uart.o
    0x0800258a   0x0800258a   0x00000002   PAD
    0x0800258c   0x0800258c   0x000000b2   Code   RO         1636    i.HAL_UART_Transmit  stm32f1xx_hal_uart.o
    0x0800263e   0x0800263e   0x00000002   Code   RO         1639    i.HAL_UART_TxCpltCallback  stm32f1xx_hal_uart.o
    0x08002640   0x08002640   0x00000002   Code   RO          158    i.HardFault_Handler  stm32f1xx_it.o
    0x08002642   0x08002642   0x00000002   PAD
    0x08002644   0x08002644   0x0000004c   Code   RO           14    i.MX_ADC1_Init      main.o
    0x08002690   0x08002690   0x00000002   Code   RO          159    i.MemManage_Handler  stm32f1xx_it.o
    0x08002692   0x08002692   0x00000002   Code   RO          160    i.NMI_Handler       stm32f1xx_it.o
    0x08002694   0x08002694   0x00000002   Code   RO          161    i.PendSV_Handler    stm32f1xx_it.o
    0x08002696   0x08002696   0x00000002   Code   RO          162    i.SVC_Handler       stm32f1xx_it.o
    0x08002698   0x08002698   0x00000004   Code   RO          163    i.SysTick_Handler   stm32f1xx_it.o
    0x0800269c   0x0800269c   0x00000068   Code   RO           15    i.SystemClock_Config  main.o
    0x08002704   0x08002704   0x00000002   Code   RO         1957    i.SystemInit        system_stm32f1xx.o
    0x08002706   0x08002706   0x00000010   Code   RO         1641    i.UART_DMAAbortOnError  stm32f1xx_hal_uart.o
    0x08002716   0x08002716   0x00000030   Code   RO         1651    i.UART_EndRxTransfer  stm32f1xx_hal_uart.o
    0x08002746   0x08002746   0x000000b6   Code   RO         1653    i.UART_Receive_IT   stm32f1xx_hal_uart.o
    0x080027fc   0x080027fc   0x000000b8   Code   RO         1654    i.UART_SetConfig    stm32f1xx_hal_uart.o
    0x080028b4   0x080028b4   0x00000064   Code   RO         1657    i.UART_WaitOnFlagUntilTimeout  stm32f1xx_hal_uart.o
    0x08002918   0x08002918   0x0000000c   Code   RO          164    i.USART1_IRQHandler  stm32f1xx_it.o
    0x08002924   0x08002924   0x00000002   Code   RO          165    i.UsageFault_Handler  stm32f1xx_it.o
    0x08002926   0x08002926   0x00000028   Code   RO         2126    i.__ARM_fpclassify  m_ws.l(fpclassify.o)
    0x0800294e   0x0800294e   0x00000020   Code   RO         1086    i.__NVIC_SetPriority  stm32f1xx_hal_cortex.o
    0x0800296e   0x0800296e   0x00000002   PAD
    0x08002970   0x08002970   0x000000ec   Code   RO           16    i.main              main.o
    0x08002a5c   0x08002a5c   0x0000002c   Code   RO         2120    locale$$code        c_w.l(lc_numeric_c.o)
    0x08002a88   0x08002a88   0x00000062   Code   RO         2029    x$fpl$d2f           fz_ws.l(d2f.o)
    0x08002aea   0x08002aea   0x00000002   PAD
    0x08002aec   0x08002aec   0x000002b0   Code   RO         2032    x$fpl$ddiv          fz_ws.l(ddiv.o)
    0x08002d9c   0x08002d9c   0x00000154   Code   RO         2035    x$fpl$dmul          fz_ws.l(dmul.o)
    0x08002ef0   0x08002ef0   0x0000009c   Code   RO         2057    x$fpl$dnaninf       fz_ws.l(dnaninf.o)
    0x08002f8c   0x08002f8c   0x0000000c   Code   RO         2059    x$fpl$dretinf       fz_ws.l(dretinf.o)
    0x08002f98   0x08002f98   0x00000056   Code   RO         2037    x$fpl$f2d           fz_ws.l(f2d.o)
    0x08002fee   0x08002fee   0x00000002   PAD
    0x08002ff0   0x08002ff0   0x0000000c   Code   RO         2061    x$fpl$fcheck1       fz_ws.l(fcheck1.o)
    0x08002ffc   0x08002ffc   0x00000026   Code   RO         2039    x$fpl$ffltu         fz_ws.l(fflt_clz.o)
    0x08003022   0x08003022   0x0000008c   Code   RO         2063    x$fpl$fnaninf       fz_ws.l(fnaninf.o)
    0x080030ae   0x080030ae   0x0000000a   Code   RO         2065    x$fpl$fretinf       fz_ws.l(fretinf.o)
    0x080030b8   0x080030b8   0x00000004   Code   RO         2045    x$fpl$printf1       fz_ws.l(printf1.o)
    0x080030bc   0x080030bc   0x00000064   Code   RO         2124    x$fpl$retnan        fz_ws.l(retnan.o)
    0x08003120   0x08003120   0x0000004c   Code   RO         2047    x$fpl$scalbnf       fz_ws.l(scalbnf.o)
    0x0800316c   0x0800316c   0x00000030   Code   RO         2188    x$fpl$trapveneer    fz_ws.l(trapv.o)
    0x0800319c   0x0800319c   0x00000000   Code   RO         2067    x$fpl$usenofp       fz_ws.l(usenofp.o)
    0x0800319c   0x0800319c   0x00000010   Data   RO         1958    .constdata          system_stm32f1xx.o
    0x080031ac   0x080031ac   0x00000008   Data   RO         1959    .constdata          system_stm32f1xx.o
    0x080031b4   0x080031b4   0x00000094   Data   RO         2095    .constdata          c_w.l(bigflt0.o)
    0x08003248   0x08003248   0x00000020   Data   RO         2269    Region$$Table       anon$$obj.o
    0x08003268   0x08003268   0x0000001c   Data   RO         2119    locale$$data        c_w.l(lc_numeric_c.o)


    Execution Region RW_IRAM1 (Exec base: 0x20000000, Load base: 0x08003284, Size: 0x000006e8, Max: 0x00002800, ABSOLUTE)

    Exec Addr    Load Addr    Size         Type   Attr      Idx    E Section Name        Object

    0x20000000   0x08003284   0x0000000c   Data   RW          623    .data               stm32f1xx_hal.o
    0x2000000c   0x08003290   0x00000004   Data   RW         1960    .data               system_stm32f1xx.o
    0x20000010        -       0x00000074   Zero   RW           17    .bss                main.o
    0x20000084        -       0x00000060   Zero   RW         2129    .bss                c_w.l(libspace.o)
    0x200000e4   0x08003294   0x00000004   PAD
    0x200000e8        -       0x00000200   Zero   RW            2    HEAP                startup_stm32f103x6.o
    0x200002e8        -       0x00000400   Zero   RW            1    STACK               startup_stm32f103x6.o


==============================================================================

Image component sizes


      Code (inc. data)   RO Data    RW Data    ZI Data      Debug   Object Name

       416         48          0          0        116     409643   main.o
        64         26        236          0       1536        836   startup_stm32f103x6.o
       164         28          0         12          0       5773   stm32f1xx_hal.o
      1260         54          0          0          0       6744   stm32f1xx_hal_adc.o
       216          6          0          0          0       1482   stm32f1xx_hal_adc_ex.o
       198         14          0          0          0      29103   stm32f1xx_hal_cortex.o
       222          4          0          0          0       1851   stm32f1xx_hal_dma.o
       448         30          0          0          0       2308   stm32f1xx_hal_gpio.o
       276         32          0          0          0       2347   stm32f1xx_hal_msp.o
      1272        100          0          0          0       5356   stm32f1xx_hal_rcc.o
       436         46          0          0          0       2609   stm32f1xx_hal_rcc_ex.o
      1338         10          0          0          0      10016   stm32f1xx_hal_uart.o
        32          6          0          0          0       4578   stm32f1xx_it.o
         2          0         24          4          0       1199   system_stm32f1xx.o

    ----------------------------------------------------------------------
      6360        404        292         16       1652     483845   Object Totals
         0          0         32          0          0          0   (incl. Generated)
        16          0          0          0          0          0   (incl. Padding)

    ----------------------------------------------------------------------

      Code (inc. data)   RO Data    RW Data    ZI Data      Debug   Library Member Name

         8          0          0          0          0         68   __main.o
       104          0          0          0          0         84   __printf.o
         0          0          0          0          0          0   __rtentry.o
        12          0          0          0          0          0   __rtentry2.o
         6          0          0          0          0          0   __rtentry4.o
        52          8          0          0          0          0   __scatter.o
        26          0          0          0          0          0   __scatter_copy.o
        28          0          0          0          0          0   __scatter_zi.o
        48          6          0          0          0         96   _printf_char_common.o
         6          0          0          0          0          0   _printf_f.o
      1054          0          0          0          0        216   _printf_fp_dec.o
       128         16          0          0          0         84   _printf_fp_infnan.o
         0          0          0          0          0          0   _printf_percent.o
         4          0          0          0          0          0   _printf_percent_end.o
        10          0          0          0          0         68   _sputc.o
       228          4        148          0          0         96   bigflt0.o
      1936        128          0          0          0        672   btod.o
        18          0          0          0          0         80   exit.o
         6          0          0          0          0        152   heapauxi.o
         0          0          0          0          0          0   indicate_semi.o
        44         10         28          0          0         76   lc_numeric_c.o
         2          0          0          0          0          0   libinit.o
        18          0          0          0          0          0   libinit2.o
         2          0          0          0          0          0   libshutdown.o
         2          0          0          0          0          0   libshutdown2.o
         8          4          0          0         96         68   libspace.o
       138          0          0          0          0         80   lludiv10.o
        40          6          0          0          0         84   noretval__2sprintf.o
         8          4          0          0          0         68   rt_locale_intlibspace.o
        78          0          0          0          0         80   rt_memclr_w.o
         2          0          0          0          0          0   rtexit.o
        10          0          0          0          0          0   rtexit2.o
       128          0          0          0          0         68   strcmpv7m.o
        12          4          0          0          0         68   sys_exit.o
        74          0          0          0          0         80   sys_stackheap_outer.o
         2          0          0          0          0         68   use_no_semi.o
        98          4          0          0          0         92   d2f.o
       688        140          0          0          0        208   ddiv.o
       340         12          0          0          0        104   dmul.o
       156          4          0          0          0         92   dnaninf.o
        12          0          0          0          0         68   dretinf.o
        86          4          0          0          0         84   f2d.o
        12          4          0          0          0         68   fcheck1.o
        38          0          0          0          0         68   fflt_clz.o
       140          4          0          0          0         84   fnaninf.o
        10          0          0          0          0         68   fretinf.o
         4          0          0          0          0         68   printf1.o
       100          0          0          0          0         68   retnan.o
        76          0          0          0          0         68   scalbnf.o
        48          0          0          0          0         68   trapv.o
         0          0          0          0          0          0   usenofp.o
        40          0          0          0          0         68   fpclassify.o

    ----------------------------------------------------------------------
      6104        362        176          0        100       3632   Library Totals
        14          0          0          0          4          0   (incl. Padding)

    ----------------------------------------------------------------------

      Code (inc. data)   RO Data    RW Data    ZI Data      Debug   Library Name

      4242        190        176          0         96       2356   c_w.l
      1808        172          0          0          0       1208   fz_ws.l
        40          0          0          0          0         68   m_ws.l

    ----------------------------------------------------------------------
      6104        362        176          0        100       3632   Library Totals

    ----------------------------------------------------------------------

==============================================================================


      Code (inc. data)   RO Data    RW Data    ZI Data      Debug   

     12464        766        468         16       1752     482741   Grand Totals
     12464        766        468         16       1752     482741   ELF Image Totals
     12464        766        468         16          0          0   ROM Totals

==============================================================================

    Total RO  Size (Code + RO Data)                12932 (  12.63kB)
    Total RW  Size (RW Data + ZI Data)              1768 (   1.73kB)
    Total ROM Size (Code + RO Data + RW Data)      12948 (  12.64kB)

==============================================================================

